Archive member included to satisfy reference by file (symbol)

/Applications/ArmGNUToolchain/12.3.rel1/arm-none-eabi/bin/../lib/gcc/arm-none-eabi/12.3.1/thumb/v6-m/nofp/libgcc.a(_dvmd_tls.o)
                              CMakeFiles/UOSM_Telemetry_Pico.dir/Users/jeremy/Projects/Supermileage/pico-sdk/src/rp2_common/pico_divider/divider.S.obj (__aeabi_idiv0)
/Applications/ArmGNUToolchain/12.3.rel1/arm-none-eabi/bin/../lib/gcc/arm-none-eabi/12.3.1/../../../../arm-none-eabi/lib/thumb/v6-m/nofp/libg.a(libc_a-calloc.o)
                              CMakeFiles/UOSM_Telemetry_Pico.dir/Users/jeremy/Projects/Supermileage/pico-sdk/src/rp2_common/pico_malloc/pico_malloc.c.obj (calloc)
/Applications/ArmGNUToolchain/12.3.rel1/arm-none-eabi/bin/../lib/gcc/arm-none-eabi/12.3.1/../../../../arm-none-eabi/lib/thumb/v6-m/nofp/libg.a(libc_a-callocr.o)
                              /Applications/ArmGNUToolchain/12.3.rel1/arm-none-eabi/bin/../lib/gcc/arm-none-eabi/12.3.1/../../../../arm-none-eabi/lib/thumb/v6-m/nofp/libg.a(libc_a-calloc.o) (_calloc_r)
/Applications/ArmGNUToolchain/12.3.rel1/arm-none-eabi/bin/../lib/gcc/arm-none-eabi/12.3.1/../../../../arm-none-eabi/lib/thumb/v6-m/nofp/libg.a(libc_a-malloc.o)
                              CMakeFiles/UOSM_Telemetry_Pico.dir/Users/jeremy/Projects/Supermileage/pico-sdk/src/rp2_common/pico_malloc/pico_malloc.c.obj (malloc)
/Applications/ArmGNUToolchain/12.3.rel1/arm-none-eabi/bin/../lib/gcc/arm-none-eabi/12.3.1/../../../../arm-none-eabi/lib/thumb/v6-m/nofp/libg.a(libc_a-mallocr.o)
                              /Applications/ArmGNUToolchain/12.3.rel1/arm-none-eabi/bin/../lib/gcc/arm-none-eabi/12.3.1/../../../../arm-none-eabi/lib/thumb/v6-m/nofp/libg.a(libc_a-callocr.o) (_malloc_r)
/Applications/ArmGNUToolchain/12.3.rel1/arm-none-eabi/bin/../lib/gcc/arm-none-eabi/12.3.1/../../../../arm-none-eabi/lib/thumb/v6-m/nofp/libg.a(libc_a-mlock.o)
                              /Applications/ArmGNUToolchain/12.3.rel1/arm-none-eabi/bin/../lib/gcc/arm-none-eabi/12.3.1/../../../../arm-none-eabi/lib/thumb/v6-m/nofp/libg.a(libc_a-mallocr.o) (__malloc_lock)
/Applications/ArmGNUToolchain/12.3.rel1/arm-none-eabi/bin/../lib/gcc/arm-none-eabi/12.3.1/../../../../arm-none-eabi/lib/thumb/v6-m/nofp/libg.a(libc_a-realloc.o)
                              CMakeFiles/UOSM_Telemetry_Pico.dir/Users/jeremy/Projects/Supermileage/pico-sdk/src/rp2_common/pico_malloc/pico_malloc.c.obj (realloc)
/Applications/ArmGNUToolchain/12.3.rel1/arm-none-eabi/bin/../lib/gcc/arm-none-eabi/12.3.1/../../../../arm-none-eabi/lib/thumb/v6-m/nofp/libg.a(libc_a-reallocr.o)
                              /Applications/ArmGNUToolchain/12.3.rel1/arm-none-eabi/bin/../lib/gcc/arm-none-eabi/12.3.1/../../../../arm-none-eabi/lib/thumb/v6-m/nofp/libg.a(libc_a-realloc.o) (_realloc_r)
/Applications/ArmGNUToolchain/12.3.rel1/arm-none-eabi/bin/../lib/gcc/arm-none-eabi/12.3.1/../../../../arm-none-eabi/lib/thumb/v6-m/nofp/libg.a(libc_a-memmove.o)
                              /Applications/ArmGNUToolchain/12.3.rel1/arm-none-eabi/bin/../lib/gcc/arm-none-eabi/12.3.1/../../../../arm-none-eabi/lib/thumb/v6-m/nofp/libg.a(libc_a-reallocr.o) (memmove)
/Applications/ArmGNUToolchain/12.3.rel1/arm-none-eabi/bin/../lib/gcc/arm-none-eabi/12.3.1/../../../../arm-none-eabi/lib/thumb/v6-m/nofp/libg.a(libc_a-impure.o)
                              /Applications/ArmGNUToolchain/12.3.rel1/arm-none-eabi/bin/../lib/gcc/arm-none-eabi/12.3.1/../../../../arm-none-eabi/lib/thumb/v6-m/nofp/libg.a(libc_a-calloc.o) (_impure_ptr)
/Applications/ArmGNUToolchain/12.3.rel1/arm-none-eabi/bin/../lib/gcc/arm-none-eabi/12.3.1/../../../../arm-none-eabi/lib/thumb/v6-m/nofp/libg.a(libc_a-sbrkr.o)
                              /Applications/ArmGNUToolchain/12.3.rel1/arm-none-eabi/bin/../lib/gcc/arm-none-eabi/12.3.1/../../../../arm-none-eabi/lib/thumb/v6-m/nofp/libg.a(libc_a-mallocr.o) (_sbrk_r)
/Applications/ArmGNUToolchain/12.3.rel1/arm-none-eabi/bin/../lib/gcc/arm-none-eabi/12.3.1/../../../../arm-none-eabi/lib/thumb/v6-m/nofp/libg.a(libc_a-errno.o)
                              /Applications/ArmGNUToolchain/12.3.rel1/arm-none-eabi/bin/../lib/gcc/arm-none-eabi/12.3.1/../../../../arm-none-eabi/lib/thumb/v6-m/nofp/libg.a(libc_a-callocr.o) (__errno)
/Applications/ArmGNUToolchain/12.3.rel1/arm-none-eabi/bin/../lib/gcc/arm-none-eabi/12.3.1/../../../../arm-none-eabi/lib/thumb/v6-m/nofp/libg.a(libc_a-sysconf.o)
                              /Applications/ArmGNUToolchain/12.3.rel1/arm-none-eabi/bin/../lib/gcc/arm-none-eabi/12.3.1/../../../../arm-none-eabi/lib/thumb/v6-m/nofp/libg.a(libc_a-mallocr.o) (sysconf)
/Applications/ArmGNUToolchain/12.3.rel1/arm-none-eabi/bin/../lib/gcc/arm-none-eabi/12.3.1/../../../../arm-none-eabi/lib/thumb/v6-m/nofp/libg.a(libc_a-init.o)
                              /Applications/ArmGNUToolchain/12.3.rel1/arm-none-eabi/bin/../lib/gcc/arm-none-eabi/12.3.1/../../../../arm-none-eabi/lib/thumb/v6-m/nofp/crt0.o (__libc_init_array)
[...]
Memory Configuration

Name             Origin             Length             Attributes
FLASH            0x10000000         0x00200000         xr
RAM              0x20000000         0x00040000         xrw
SCRATCH_X        0x20040000         0x00001000         xrw
SCRATCH_Y        0x20041000         0x00001000         xrw
*default*        0x00000000         0xffffffff

Linker script and memory map

LOAD /Applications/ArmGNUToolchain/12.3.rel1/arm-none-eabi/bin/../lib/gcc/arm-none-eabi/12.3.1/thumb/v6-m/nofp/crti.o
LOAD /Applications/ArmGNUToolchain/12.3.rel1/arm-none-eabi/bin/../lib/gcc/arm-none-eabi/12.3.1/thumb/v6-m/nofp/crtbegin.o
LOAD /Applications/ArmGNUToolchain/12.3.rel1/arm-none-eabi/bin/../lib/gcc/arm-none-eabi/12.3.1/../../../../arm-none-eabi/lib/thumb/v6-m/nofp/crt0.o

.flash_begin    0x10000000        0x0
                0x10000000                        __flash_binary_start = .

.boot2          0x10000000      0x100
                0x10000000                        __boot2_start__ = .
 *(.boot2)
 .boot2         0x10000000      0x100 /var/folders/tw/qm7nc9kd0j91hj74kmf3hk0r0000gn/T//ccE80jxk.o
                0x10000100                        __boot2_end__ = .
                0x00000001                        ASSERT (((__boot2_end__ - __boot2_start__) == 0x100), ERROR: Pico second stage bootloader must be 256 bytes in size)

.text           0x10000100     0x6e28
                0x10000100                        __logical_binary_start = .
 *(.vectors)
 .vectors       0x10000100       0xd4 CMakeFiles/UOSM_Telemetry_Pico.dir/Users/jeremy/Projects/Supermileage/pico-sdk/src/rp2_common/pico_standard_link/crt0.S.obj
                0x10000100                __VECTOR_TABLE
                0x10000100                __vectors
                0x100001c0                __default_isrs_start
                0x100001c0                isr_invalid
                0x100001c2                isr_nmi
                0x100001c4                isr_hardfault
                0x100001c6                isr_svcall
                0x100001c8                isr_pendsv
                0x100001ca                isr_systick
                0x100001cc                isr_irq28
                0x100001cc                isr_irq19
                0x100001cc                isr_irq0
                0x100001cc                isr_irq6
                0x100001cc                isr_irq22
                0x100001cc                isr_irq17
                0x100001cc                isr_irq14
                0x100001cc                isr_irq2
                0x100001cc                isr_irq10
                0x100001cc                isr_irq8
                0x100001cc                isr_irq24
                0x100001cc                isr_irq1
                0x100001cc                isr_irq7
                0x100001cc                isr_irq21
                0x100001cc                isr_irq20
                0x100001cc                isr_irq15
                0x100001cc                isr_irq25
                0x100001cc                isr_irq4
                0x100001cc                isr_irq16
                0x100001cc                isr_irq29
                0x100001cc                isr_irq26
                0x100001cc                __default_isrs_end
                0x100001cc                isr_irq3
                0x100001cc                isr_irq9
                0x100001cc                __unhandled_user_irq
                0x100001cc                isr_irq13
                0x100001cc                isr_irq27
                0x100001cc                isr_irq31
                0x100001cc                isr_irq5
                0x100001cc                isr_irq11
                0x100001cc                isr_irq23
                0x100001cc                isr_irq18
                0x100001cc                isr_irq30
                0x100001cc                isr_irq12
                0x100001d2                unhandled_user_irq_num_in_r0
 *(.binary_info_header)
 .binary_info_header
                0x100001d4       0x14 CMakeFiles/UOSM_Telemetry_Pico.dir/Users/jeremy/Projects/Supermileage/pico-sdk/src/rp2_common/pico_standard_link/crt0.S.obj
                0x100001e8                        __binary_info_header_end = .
 *(.reset)
 .reset         0x100001e8       0xa0 CMakeFiles/UOSM_Telemetry_Pico.dir/Users/jeremy/Projects/Supermileage/pico-sdk/src/rp2_common/pico_standard_link/crt0.S.obj
                0x100001e8                _entry_point
 .reset         0x10000288       0x30 CMakeFiles/UOSM_Telemetry_Pico.dir/Users/jeremy/Projects/Supermileage/pico-sdk/src/rp2_common/pico_standard_link/binary_info.c.obj
 *(.init)
 .init          0x100002b8        0x4 /Applications/ArmGNUToolchain/12.3.rel1/arm-none-eabi/bin/../lib/gcc/arm-none-eabi/12.3.1/thumb/v6-m/nofp/crti.o
                0x100002b8                _init
 *(EXCLUDE_FILE(*libm.a: *libc.a:*lib_a-mem*.o *libgcc.a:) .text*)
 .text.register_tm_clones
                0x100002bc       0x28 /Applications/ArmGNUToolchain/12.3.rel1/arm-none-eabi/bin/../lib/gcc/arm-none-eabi/12.3.1/thumb/v6-m/nofp/crtbegin.o
 .text.frame_dummy
                0x100002e4       0x24 /Applications/ArmGNUToolchain/12.3.rel1/arm-none-eabi/bin/../lib/gcc/arm-none-eabi/12.3.1/thumb/v6-m/nofp/crtbegin.o
 .text.main     0x10000308       0x14 CMakeFiles/UOSM_Telemetry_Pico.dir/main.c.obj
                0x10000308                main
 .text.gpio_set_function
                0x1000031c       0x30 CMakeFiles/UOSM_Telemetry_Pico.dir/Users/jeremy/Projects/Supermileage/pico-sdk/src/rp2_common/hardware_gpio/gpio.c.obj
                0x1000031c                gpio_set_function
 .text.running_on_fpga
                0x1000034c       0x14 CMakeFiles/UOSM_Telemetry_Pico.dir/Users/jeremy/Projects/Supermileage/pico-sdk/src/rp2_common/pico_platform/platform.c.obj
                0x1000034c                running_on_fpga
 .text.hw_claim_lock
                0x10000360       0x18 CMakeFiles/UOSM_Telemetry_Pico.dir/Users/jeremy/Projects/Supermileage/pico-sdk/src/rp2_common/hardware_claim/claim.c.obj
                0x10000360                hw_claim_lock
 .text.hw_claim_unlock
                0x10000378       0x14 CMakeFiles/UOSM_Telemetry_Pico.dir/Users/jeremy/Projects/Supermileage/pico-sdk/src/rp2_common/hardware_claim/claim.c.obj
                0x10000378                hw_claim_unlock
 .text.hw_claim_or_assert
                0x1000038c       0x32 CMakeFiles/UOSM_Telemetry_Pico.dir/Users/jeremy/Projects/Supermileage/pico-sdk/src/rp2_common/hardware_claim/claim.c.obj
                0x1000038c                hw_claim_or_assert
 .text.hw_claim_unused_from_range
                0x100003be       0x50 CMakeFiles/UOSM_Telemetry_Pico.dir/Users/jeremy/Projects/Supermileage/pico-sdk/src/rp2_common/hardware_claim/claim.c.obj
                0x100003be                hw_claim_unused_from_range
 *fill*         0x1000040e        0x2 
 .text.spin_locks_reset
                0x10000410       0x20 CMakeFiles/UOSM_Telemetry_Pico.dir/Users/jeremy/Projects/Supermileage/pico-sdk/src/rp2_common/hardware_sync/sync.c.obj
                0x10000410                spin_locks_reset
 .text.next_striped_spin_lock_num
                0x10000430       0x1c CMakeFiles/UOSM_Telemetry_Pico.dir/Users/jeremy/Projects/Supermileage/pico-sdk/src/rp2_common/hardware_sync/sync.c.obj
                0x10000430                next_striped_spin_lock_num
 .text.spin_lock_claim_unused
                0x1000044c       0x24 CMakeFiles/UOSM_Telemetry_Pico.dir/Users/jeremy/Projects/Supermileage/pico-sdk/src/rp2_common/hardware_sync/sync.c.obj
                0x1000044c                spin_lock_claim_unused
 .text.set_raw_irq_handler_and_unlock
                0x10000470       0x28 CMakeFiles/UOSM_Telemetry_Pico.dir/Users/jeremy/Projects/Supermileage/pico-sdk/src/rp2_common/hardware_irq/irq.c.obj
 .text.resolve_branch
                0x10000498       0x30 CMakeFiles/UOSM_Telemetry_Pico.dir/Users/jeremy/Projects/Supermileage/pico-sdk/src/rp2_common/hardware_irq/irq.c.obj
 .text.make_branch
                0x100004c8       0x48 CMakeFiles/UOSM_Telemetry_Pico.dir/Users/jeremy/Projects/Supermileage/pico-sdk/src/rp2_common/hardware_irq/irq.c.obj
 .text.insert_branch_and_link
                0x10000510       0x40 CMakeFiles/UOSM_Telemetry_Pico.dir/Users/jeremy/Projects/Supermileage/pico-sdk/src/rp2_common/hardware_irq/irq.c.obj
 .text.irq_is_enabled
                0x10000550       0x18 CMakeFiles/UOSM_Telemetry_Pico.dir/Users/jeremy/Projects/Supermileage/pico-sdk/src/rp2_common/hardware_irq/irq.c.obj
                0x10000550                irq_is_enabled
 .text.irq_set_mask_enabled
                0x10000568       0x20 CMakeFiles/UOSM_Telemetry_Pico.dir/Users/jeremy/Projects/Supermileage/pico-sdk/src/rp2_common/hardware_irq/irq.c.obj
                0x10000568                irq_set_mask_enabled
 .text.irq_set_enabled
                0x10000588        0xe CMakeFiles/UOSM_Telemetry_Pico.dir/Users/jeremy/Projects/Supermileage/pico-sdk/src/rp2_common/hardware_irq/irq.c.obj
                0x10000588                irq_set_enabled
 *fill*         0x10000596        0x2 
 .text.irq_set_pending
                0x10000598       0x10 CMakeFiles/UOSM_Telemetry_Pico.dir/Users/jeremy/Projects/Supermileage/pico-sdk/src/rp2_common/hardware_irq/irq.c.obj
                0x10000598                irq_set_pending
 .text.irq_get_vtable_handler
                0x100005a8       0x10 CMakeFiles/UOSM_Telemetry_Pico.dir/Users/jeremy/Projects/Supermileage/pico-sdk/src/rp2_common/hardware_irq/irq.c.obj
                0x100005a8                irq_get_vtable_handler
 .text.irq_has_shared_handler
                0x100005b8       0x24 CMakeFiles/UOSM_Telemetry_Pico.dir/Users/jeremy/Projects/Supermileage/pico-sdk/src/rp2_common/hardware_irq/irq.c.obj
                0x100005b8                irq_has_shared_handler
 .text.irq_set_exclusive_handler
                0x100005dc       0x54 CMakeFiles/UOSM_Telemetry_Pico.dir/Users/jeremy/Projects/Supermileage/pico-sdk/src/rp2_common/hardware_irq/irq.c.obj
                0x100005dc                irq_set_exclusive_handler
 .text.irq_add_shared_handler
                0x10000630      0x210 CMakeFiles/UOSM_Telemetry_Pico.dir/Users/jeremy/Projects/Supermileage/pico-sdk/src/rp2_common/hardware_irq/irq.c.obj
                0x10000630                irq_add_shared_handler
 .text.irq_remove_handler
                0x10000840      0x188 CMakeFiles/UOSM_Telemetry_Pico.dir/Users/jeremy/Projects/Supermileage/pico-sdk/src/rp2_common/hardware_irq/irq.c.obj
                0x10000840                irq_remove_handler
 .text.irq_add_tail_to_free_list
                0x100009c8       0xf0 CMakeFiles/UOSM_Telemetry_Pico.dir/Users/jeremy/Projects/Supermileage/pico-sdk/src/rp2_common/hardware_irq/irq.c.obj
                0x100009c8                irq_add_tail_to_free_list
 .text.irq_init_priorities
                0x10000ab8       0x1c CMakeFiles/UOSM_Telemetry_Pico.dir/Users/jeremy/Projects/Supermileage/pico-sdk/src/rp2_common/hardware_irq/irq.c.obj
                0x10000ab8                irq_init_priorities
 .text.user_irq_claim_unused
                0x10000ad4       0x2c CMakeFiles/UOSM_Telemetry_Pico.dir/Users/jeremy/Projects/Supermileage/pico-sdk/src/rp2_common/hardware_irq/irq.c.obj
                0x10000ad4                user_irq_claim_unused
 .text.lock_init
                0x10000b00       0x10 CMakeFiles/UOSM_Telemetry_Pico.dir/Users/jeremy/Projects/Supermileage/pico-sdk/src/common/pico_sync/lock_core.c.obj
                0x10000b00                lock_init
 .text.update_us_since_boot
                0x10000b10       0x24 CMakeFiles/UOSM_Telemetry_Pico.dir/Users/jeremy/Projects/Supermileage/pico-sdk/src/common/pico_sync/mutex.c.obj
 .text.delayed_by_ms
                0x10000b34       0x44 CMakeFiles/UOSM_Telemetry_Pico.dir/Users/jeremy/Projects/Supermileage/pico-sdk/src/common/pico_sync/mutex.c.obj
 .text.get_absolute_time
                0x10000b78       0x22 CMakeFiles/UOSM_Telemetry_Pico.dir/Users/jeremy/Projects/Supermileage/pico-sdk/src/common/pico_sync/mutex.c.obj
 .text.make_timeout_time_ms
                0x10000b9a       0x20 CMakeFiles/UOSM_Telemetry_Pico.dir/Users/jeremy/Projects/Supermileage/pico-sdk/src/common/pico_sync/mutex.c.obj
 .text.mutex_init
                0x10000bba       0x1a CMakeFiles/UOSM_Telemetry_Pico.dir/Users/jeremy/Projects/Supermileage/pico-sdk/src/common/pico_sync/mutex.c.obj
                0x10000bba                mutex_init
 .text.recursive_mutex_init
                0x10000bd4       0x1e CMakeFiles/UOSM_Telemetry_Pico.dir/Users/jeremy/Projects/Supermileage/pico-sdk/src/common/pico_sync/mutex.c.obj
                0x10000bd4                recursive_mutex_init
 *fill*         0x10000bf2        0x2 
 .text.critical_section_init_with_lock_num
                0x10000bf4       0x14 CMakeFiles/UOSM_Telemetry_Pico.dir/Users/jeremy/Projects/Supermileage/pico-sdk/src/common/pico_sync/critical_section.c.obj
                0x10000bf4                critical_section_init_with_lock_num
 .text.critical_section_init
                0x10000c08       0x14 CMakeFiles/UOSM_Telemetry_Pico.dir/Users/jeremy/Projects/Supermileage/pico-sdk/src/common/pico_sync/critical_section.c.obj
                0x10000c08                critical_section_init
 .text.time_reached
                0x10000c1c       0x28 CMakeFiles/UOSM_Telemetry_Pico.dir/Users/jeremy/Projects/Supermileage/pico-sdk/src/common/pico_time/time.c.obj
 .text.get_entry
                0x10000c44       0x38 CMakeFiles/UOSM_Telemetry_Pico.dir/Users/jeremy/Projects/Supermileage/pico-sdk/src/common/pico_time/time.c.obj
 .text.timer_pool_entry_comparator
                0x10000c7c       0x2e CMakeFiles/UOSM_Telemetry_Pico.dir/Users/jeremy/Projects/Supermileage/pico-sdk/src/common/pico_time/time.c.obj
                0x10000c7c                timer_pool_entry_comparator
 *fill*         0x10000caa        0x2 
 .text.update_us_since_boot
                0x10000cac       0x24 CMakeFiles/UOSM_Telemetry_Pico.dir/Users/jeremy/Projects/Supermileage/pico-sdk/src/common/pico_time/time.c.obj
 .text.delayed_by_us
                0x10000cd0       0x34 CMakeFiles/UOSM_Telemetry_Pico.dir/Users/jeremy/Projects/Supermileage/pico-sdk/src/common/pico_time/time.c.obj
 .text.ph_get_node
                0x10000d04       0x30 CMakeFiles/UOSM_Telemetry_Pico.dir/Users/jeremy/Projects/Supermileage/pico-sdk/src/common/pico_time/time.c.obj
 .text.ph_contains_node
                0x10000d34       0x1e CMakeFiles/UOSM_Telemetry_Pico.dir/Users/jeremy/Projects/Supermileage/pico-sdk/src/common/pico_time/time.c.obj
 .text.ph_new_node
                0x10000d52       0x28 CMakeFiles/UOSM_Telemetry_Pico.dir/Users/jeremy/Projects/Supermileage/pico-sdk/src/common/pico_time/time.c.obj
 *fill*         0x10000d7a        0x2 
 .text.ph_add_child_node
                0x10000d7c       0x6c CMakeFiles/UOSM_Telemetry_Pico.dir/Users/jeremy/Projects/Supermileage/pico-sdk/src/common/pico_time/time.c.obj
 .text.ph_merge_nodes
                0x10000de8       0x3e CMakeFiles/UOSM_Telemetry_Pico.dir/Users/jeremy/Projects/Supermileage/pico-sdk/src/common/pico_time/time.c.obj
 *fill*         0x10000e26        0x2 
 .text.ph_insert_node
                0x10000e28       0x3c CMakeFiles/UOSM_Telemetry_Pico.dir/Users/jeremy/Projects/Supermileage/pico-sdk/src/common/pico_time/time.c.obj
 .text.ph_free_node
                0x10000e64       0x5c CMakeFiles/UOSM_Telemetry_Pico.dir/Users/jeremy/Projects/Supermileage/pico-sdk/src/common/pico_time/time.c.obj
 .text.get_entry_id_high
                0x10000ec0       0x30 CMakeFiles/UOSM_Telemetry_Pico.dir/Users/jeremy/Projects/Supermileage/pico-sdk/src/common/pico_time/time.c.obj
 .text.alarm_pool_post_alloc_init
                0x10000ef0       0x40 CMakeFiles/UOSM_Telemetry_Pico.dir/Users/jeremy/Projects/Supermileage/pico-sdk/src/common/pico_time/time.c.obj
 .text.sleep_until_callback
                0x10000f30       0x30 CMakeFiles/UOSM_Telemetry_Pico.dir/Users/jeremy/Projects/Supermileage/pico-sdk/src/common/pico_time/time.c.obj
 .text.get_absolute_time
                0x10000f60       0x22 CMakeFiles/UOSM_Telemetry_Pico.dir/Users/jeremy/Projects/Supermileage/pico-sdk/src/common/pico_time/time.c.obj
 *fill*         0x10000f82        0x2 
 .text.add_alarm_under_lock
                0x10000f84       0x94 CMakeFiles/UOSM_Telemetry_Pico.dir/Users/jeremy/Projects/Supermileage/pico-sdk/src/common/pico_time/time.c.obj
 .text.alarm_pool_alarm_callback
                0x10001018      0x210 CMakeFiles/UOSM_Telemetry_Pico.dir/Users/jeremy/Projects/Supermileage/pico-sdk/src/common/pico_time/time.c.obj
 .text.alarm_pool_init_default
                0x10001228       0x40 CMakeFiles/UOSM_Telemetry_Pico.dir/Users/jeremy/Projects/Supermileage/pico-sdk/src/common/pico_time/time.c.obj
                0x10001228                alarm_pool_init_default
 .text.alarm_pool_get_default
                0x10001268       0x2c CMakeFiles/UOSM_Telemetry_Pico.dir/Users/jeremy/Projects/Supermileage/pico-sdk/src/common/pico_time/time.c.obj
                0x10001268                alarm_pool_get_default
 .text.alarm_pool_add_alarm_at
                0x10001294      0x10e CMakeFiles/UOSM_Telemetry_Pico.dir/Users/jeremy/Projects/Supermileage/pico-sdk/src/common/pico_time/time.c.obj
                0x10001294                alarm_pool_add_alarm_at
 .text.add_alarm_at
                0x100013a2       0x2e CMakeFiles/UOSM_Telemetry_Pico.dir/Users/jeremy/Projects/Supermileage/pico-sdk/src/common/pico_time/time.c.obj
 .text.alarm_pool_cancel_alarm
                0x100013d0       0xa8 CMakeFiles/UOSM_Telemetry_Pico.dir/Users/jeremy/Projects/Supermileage/pico-sdk/src/common/pico_time/time.c.obj
                0x100013d0                alarm_pool_cancel_alarm
 .text.cancel_alarm
                0x10001478       0x10 CMakeFiles/UOSM_Telemetry_Pico.dir/Users/jeremy/Projects/Supermileage/pico-sdk/src/common/pico_time/time.c.obj
 .text.alarm_pool_core_num
                0x10001488        0x4 CMakeFiles/UOSM_Telemetry_Pico.dir/Users/jeremy/Projects/Supermileage/pico-sdk/src/common/pico_time/time.c.obj
                0x10001488                alarm_pool_core_num
 .text.best_effort_wfe_or_timeout
                0x1000148c       0x44 CMakeFiles/UOSM_Telemetry_Pico.dir/Users/jeremy/Projects/Supermileage/pico-sdk/src/common/pico_time/time.c.obj
                0x1000148c                best_effort_wfe_or_timeout
 .text.update_us_since_boot
                0x100014d0       0x24 CMakeFiles/UOSM_Telemetry_Pico.dir/Users/jeremy/Projects/Supermileage/pico-sdk/src/rp2_common/hardware_timer/timer.c.obj
 .text.hardware_alarm_irq_handler
                0x100014f4       0x8c CMakeFiles/UOSM_Telemetry_Pico.dir/Users/jeremy/Projects/Supermileage/pico-sdk/src/rp2_common/hardware_timer/timer.c.obj
 .text.hardware_alarm_claim
                0x10001580       0x18 CMakeFiles/UOSM_Telemetry_Pico.dir/Users/jeremy/Projects/Supermileage/pico-sdk/src/rp2_common/hardware_timer/timer.c.obj
                0x10001580                hardware_alarm_claim
 .text.time_us_64
                0x10001598       0x18 CMakeFiles/UOSM_Telemetry_Pico.dir/Users/jeremy/Projects/Supermileage/pico-sdk/src/rp2_common/hardware_timer/timer.c.obj
                0x10001598                time_us_64
 .text.busy_wait_until
                0x100015b0       0x28 CMakeFiles/UOSM_Telemetry_Pico.dir/Users/jeremy/Projects/Supermileage/pico-sdk/src/rp2_common/hardware_timer/timer.c.obj
                0x100015b0                busy_wait_until
 .text.busy_wait_us
                0x100015d8       0x3a CMakeFiles/UOSM_Telemetry_Pico.dir/Users/jeremy/Projects/Supermileage/pico-sdk/src/rp2_common/hardware_timer/timer.c.obj
                0x100015d8                busy_wait_us
 *fill*         0x10001612        0x2 
 .text.hardware_alarm_set_callback
                0x10001614       0x90 CMakeFiles/UOSM_Telemetry_Pico.dir/Users/jeremy/Projects/Supermileage/pico-sdk/src/rp2_common/hardware_timer/timer.c.obj
                0x10001614                hardware_alarm_set_callback
 .text.hardware_alarm_set_target
                0x100016a4       0xe8 CMakeFiles/UOSM_Telemetry_Pico.dir/Users/jeremy/Projects/Supermileage/pico-sdk/src/rp2_common/hardware_timer/timer.c.obj
                0x100016a4                hardware_alarm_set_target
 .text.hardware_alarm_cancel
                0x1000178c       0x40 CMakeFiles/UOSM_Telemetry_Pico.dir/Users/jeremy/Projects/Supermileage/pico-sdk/src/rp2_common/hardware_timer/timer.c.obj
                0x1000178c                hardware_alarm_cancel
 .text.ph_get_node
                0x100017cc       0x30 CMakeFiles/UOSM_Telemetry_Pico.dir/Users/jeremy/Projects/Supermileage/pico-sdk/src/common/pico_util/pheap.c.obj
 .text.ph_add_child_node
                0x100017fc       0x6c CMakeFiles/UOSM_Telemetry_Pico.dir/Users/jeremy/Projects/Supermileage/pico-sdk/src/common/pico_util/pheap.c.obj
 .text.ph_merge_nodes
                0x10001868       0x3e CMakeFiles/UOSM_Telemetry_Pico.dir/Users/jeremy/Projects/Supermileage/pico-sdk/src/common/pico_util/pheap.c.obj
 .text.ph_clear
                0x100018a6       0x34 CMakeFiles/UOSM_Telemetry_Pico.dir/Users/jeremy/Projects/Supermileage/pico-sdk/src/common/pico_util/pheap.c.obj
                0x100018a6                ph_clear
 .text.ph_post_alloc_init
                0x100018da        0xe CMakeFiles/UOSM_Telemetry_Pico.dir/Users/jeremy/Projects/Supermileage/pico-sdk/src/common/pico_util/pheap.c.obj
                0x100018da                ph_post_alloc_init
 .text.ph_merge_two_pass
                0x100018e8       0x5c CMakeFiles/UOSM_Telemetry_Pico.dir/Users/jeremy/Projects/Supermileage/pico-sdk/src/common/pico_util/pheap.c.obj
                0x100018e8                ph_merge_two_pass
 .text.ph_remove_any_head
                0x10001944       0xc0 CMakeFiles/UOSM_Telemetry_Pico.dir/Users/jeremy/Projects/Supermileage/pico-sdk/src/common/pico_util/pheap.c.obj
 .text.ph_remove_head
                0x10001a04       0x14 CMakeFiles/UOSM_Telemetry_Pico.dir/Users/jeremy/Projects/Supermileage/pico-sdk/src/common/pico_util/pheap.c.obj
                0x10001a04                ph_remove_head
 .text.ph_remove_and_free_node
                0x10001a18       0xa0 CMakeFiles/UOSM_Telemetry_Pico.dir/Users/jeremy/Projects/Supermileage/pico-sdk/src/common/pico_util/pheap.c.obj
                0x10001a18                ph_remove_and_free_node
 .text.uart_disable_before_lcr_write
                0x10001ab8       0x48 CMakeFiles/UOSM_Telemetry_Pico.dir/Users/jeremy/Projects/Supermileage/pico-sdk/src/rp2_common/hardware_uart/uart.c.obj
 .text.uart_write_lcr_bits_masked
                0x10001b00       0x22 CMakeFiles/UOSM_Telemetry_Pico.dir/Users/jeremy/Projects/Supermileage/pico-sdk/src/rp2_common/hardware_uart/uart.c.obj
 *fill*         0x10001b22        0x2 
 .text.uart_set_baudrate
                0x10001b24       0x5c CMakeFiles/UOSM_Telemetry_Pico.dir/Users/jeremy/Projects/Supermileage/pico-sdk/src/rp2_common/hardware_uart/uart.c.obj
                0x10001b24                uart_set_baudrate
 .text.uart_set_format
                0x10001b80       0x2c CMakeFiles/UOSM_Telemetry_Pico.dir/Users/jeremy/Projects/Supermileage/pico-sdk/src/rp2_common/hardware_uart/uart.c.obj
                0x10001b80                uart_set_format
 .text.uart_set_translate_crlf
                0x10001bac       0x28 CMakeFiles/UOSM_Telemetry_Pico.dir/Users/jeremy/Projects/Supermileage/pico-sdk/src/rp2_common/hardware_uart/uart.c.obj
                0x10001bac                uart_set_translate_crlf
 .text.uart_init
                0x10001bd4       0x80 CMakeFiles/UOSM_Telemetry_Pico.dir/Users/jeremy/Projects/Supermileage/pico-sdk/src/rp2_common/hardware_uart/uart.c.obj
                0x10001bd4                uart_init
 .text.clock_configure
                0x10001c54      0x108 CMakeFiles/UOSM_Telemetry_Pico.dir/Users/jeremy/Projects/Supermileage/pico-sdk/src/rp2_common/hardware_clocks/clocks.c.obj
                0x10001c54                clock_configure
 .text.clocks_init
                0x10001d5c      0x100 CMakeFiles/UOSM_Telemetry_Pico.dir/Users/jeremy/Projects/Supermileage/pico-sdk/src/rp2_common/hardware_clocks/clocks.c.obj
                0x10001d5c                clocks_init
 .text.clock_get_hz
                0x10001e5c        0xc CMakeFiles/UOSM_Telemetry_Pico.dir/Users/jeremy/Projects/Supermileage/pico-sdk/src/rp2_common/hardware_clocks/clocks.c.obj
                0x10001e5c                clock_get_hz
 .text.pll_init
                0x10001e68      0x120 CMakeFiles/UOSM_Telemetry_Pico.dir/Users/jeremy/Projects/Supermileage/pico-sdk/src/rp2_common/hardware_pll/pll.c.obj
                0x10001e68                pll_init
 .text.watchdog_start_tick
                0x10001f88       0x10 CMakeFiles/UOSM_Telemetry_Pico.dir/Users/jeremy/Projects/Supermileage/pico-sdk/src/rp2_common/hardware_watchdog/watchdog.c.obj
                0x10001f88                watchdog_start_tick
 .text.watchdog_update
                0x10001f98       0x14 CMakeFiles/UOSM_Telemetry_Pico.dir/Users/jeremy/Projects/Supermileage/pico-sdk/src/rp2_common/hardware_watchdog/watchdog.c.obj
                0x10001f98                watchdog_update
 .text._watchdog_enable
                0x10001fac       0x78 CMakeFiles/UOSM_Telemetry_Pico.dir/Users/jeremy/Projects/Supermileage/pico-sdk/src/rp2_common/hardware_watchdog/watchdog.c.obj
                0x10001fac                _watchdog_enable
 .text.watchdog_reboot
                0x10002024       0x48 CMakeFiles/UOSM_Telemetry_Pico.dir/Users/jeremy/Projects/Supermileage/pico-sdk/src/rp2_common/hardware_watchdog/watchdog.c.obj
                0x10002024                watchdog_reboot
 .text.xosc_init
                0x1000206c       0x28 CMakeFiles/UOSM_Telemetry_Pico.dir/Users/jeremy/Projects/Supermileage/pico-sdk/src/rp2_common/hardware_xosc/xosc.c.obj
                0x1000206c                xosc_init
 .text._exit    0x10002094        0x4 CMakeFiles/UOSM_Telemetry_Pico.dir/Users/jeremy/Projects/Supermileage/pico-sdk/src/rp2_common/pico_runtime/runtime.c.obj
                0x10002094                _exit
 .text.exit     0x10002098        0x6 CMakeFiles/UOSM_Telemetry_Pico.dir/Users/jeremy/Projects/Supermileage/pico-sdk/src/rp2_common/pico_runtime/runtime.c.obj
                0x10002098                exit
 *fill*         0x1000209e        0x2 
 .text.__assert_func
                0x100020a0       0x38 CMakeFiles/UOSM_Telemetry_Pico.dir/Users/jeremy/Projects/Supermileage/pico-sdk/src/rp2_common/pico_runtime/runtime.c.obj
                0x100020a0                __assert_func
 .text.runtime_init
                0x100020d8       0xf8 CMakeFiles/UOSM_Telemetry_Pico.dir/Users/jeremy/Projects/Supermileage/pico-sdk/src/rp2_common/pico_runtime/runtime.c.obj
                0x100020d8                runtime_init
 .text.panic    0x100021d0       0x30 CMakeFiles/UOSM_Telemetry_Pico.dir/Users/jeremy/Projects/Supermileage/pico-sdk/src/rp2_common/pico_runtime/runtime.c.obj
                0x100021d0                panic
 .text._out_null
                0x10002200        0x2 CMakeFiles/UOSM_Telemetry_Pico.dir/Users/jeremy/Projects/Supermileage/pico-sdk/src/rp2_common/pico_printf/printf.c.obj
 .text._out_fct
                0x10002202        0xe CMakeFiles/UOSM_Telemetry_Pico.dir/Users/jeremy/Projects/Supermileage/pico-sdk/src/rp2_common/pico_printf/printf.c.obj
 .text._atoi    0x10002210       0x24 CMakeFiles/UOSM_Telemetry_Pico.dir/Users/jeremy/Projects/Supermileage/pico-sdk/src/rp2_common/pico_printf/printf.c.obj
 .text._out_rev
                0x10002234       0xae CMakeFiles/UOSM_Telemetry_Pico.dir/Users/jeremy/Projects/Supermileage/pico-sdk/src/rp2_common/pico_printf/printf.c.obj
 .text._ntoa_format
                0x100022e2      0x110 CMakeFiles/UOSM_Telemetry_Pico.dir/Users/jeremy/Projects/Supermileage/pico-sdk/src/rp2_common/pico_printf/printf.c.obj
 .text._ntoa_long
                0x100023f2       0xbc CMakeFiles/UOSM_Telemetry_Pico.dir/Users/jeremy/Projects/Supermileage/pico-sdk/src/rp2_common/pico_printf/printf.c.obj
 .text._ntoa_long_long
                0x100024ae      0x10e CMakeFiles/UOSM_Telemetry_Pico.dir/Users/jeremy/Projects/Supermileage/pico-sdk/src/rp2_common/pico_printf/printf.c.obj
 .text._etoa    0x100025bc      0x420 CMakeFiles/UOSM_Telemetry_Pico.dir/Users/jeremy/Projects/Supermileage/pico-sdk/src/rp2_common/pico_printf/printf.c.obj
 .text._ftoa    0x100029dc      0x354 CMakeFiles/UOSM_Telemetry_Pico.dir/Users/jeremy/Projects/Supermileage/pico-sdk/src/rp2_common/pico_printf/printf.c.obj
 .text._vsnprintf
                0x10002d30      0x65c CMakeFiles/UOSM_Telemetry_Pico.dir/Users/jeremy/Projects/Supermileage/pico-sdk/src/rp2_common/pico_printf/printf.c.obj
 .text.vfctprintf
                0x1000338c       0x20 CMakeFiles/UOSM_Telemetry_Pico.dir/Users/jeremy/Projects/Supermileage/pico-sdk/src/rp2_common/pico_printf/printf.c.obj
                0x1000338c                vfctprintf
 .text          0x100033ac       0x10 CMakeFiles/UOSM_Telemetry_Pico.dir/Users/jeremy/Projects/Supermileage/pico-sdk/src/rp2_common/pico_bit_ops/bit_ops_aeabi.S.obj
 .text.rom_func_lookup
                0x100033bc       0x10 CMakeFiles/UOSM_Telemetry_Pico.dir/Users/jeremy/Projects/Supermileage/pico-sdk/src/rp2_common/pico_bootrom/bootrom.c.obj
                0x100033bc                rom_func_lookup
 .text.rom_data_lookup
                0x100033cc       0x10 CMakeFiles/UOSM_Telemetry_Pico.dir/Users/jeremy/Projects/Supermileage/pico-sdk/src/rp2_common/pico_bootrom/bootrom.c.obj
                0x100033cc                rom_data_lookup
 .text.rom_funcs_lookup
                0x100033dc       0x36 CMakeFiles/UOSM_Telemetry_Pico.dir/Users/jeremy/Projects/Supermileage/pico-sdk/src/rp2_common/pico_bootrom/bootrom.c.obj
                0x100033dc                rom_funcs_lookup
 *fill*         0x10003412        0x2 
 .text.__wrap___aeabi_idiv
                0x10003414       0x50 CMakeFiles/UOSM_Telemetry_Pico.dir/Users/jeremy/Projects/Supermileage/pico-sdk/src/rp2_common/pico_divider/divider.S.obj
                0x10003414                __wrap___aeabi_idivmod
                0x10003414                divmod_s32s32
                0x10003414                div_s32s32
                0x10003414                __wrap___aeabi_idiv
                0x1000341c                divmod_s32s32_unsafe
                0x10003448                divmod_s32s32_savestate
 .text.__wrap___aeabi_uidiv
                0x10003464       0x4c CMakeFiles/UOSM_Telemetry_Pico.dir/Users/jeremy/Projects/Supermileage/pico-sdk/src/rp2_common/pico_divider/divider.S.obj
                0x10003464                __wrap___aeabi_uidiv
                0x10003464                __wrap___aeabi_uidivmod
                0x10003464                div_u32u32
                0x10003464                divmod_u32u32
                0x1000346c                divmod_u32u32_unsafe
                0x10003494                divmod_u32u32_savestate
 .text.__wrap___aeabi_ldiv
                0x100034b0      0x424 CMakeFiles/UOSM_Telemetry_Pico.dir/Users/jeremy/Projects/Supermileage/pico-sdk/src/rp2_common/pico_divider/divider.S.obj
                0x100034b0                __wrap___aeabi_ldivmod
                0x100034b0                div_s64s64
                0x100034b0                divmod_s64s64
                0x100034e0                divmod_u64u64
                0x100034e0                div_u64u64
                0x100034e0                __wrap___aeabi_uldivmod
                0x100034f0                divmod_u64u64_savestate
                0x10003510                divmod_s64s64_unsafe
                0x10003598                divmod_u64u64_unsafe
 .text.__wrap___aeabi_darithmetic
                0x100038d4       0x80 CMakeFiles/UOSM_Telemetry_Pico.dir/Users/jeremy/Projects/Supermileage/pico-sdk/src/rp2_common/pico_double/double_aeabi.S.obj
                0x100038d4                __wrap___aeabi_drsub
                0x100038da                __wrap___aeabi_dsub
                0x100038ec                __wrap___aeabi_dadd
                0x100038fe                __wrap___aeabi_ddiv
                0x1000393a                __wrap___aeabi_dmul
 .text.__wrap___aeabi_cdcmple
                0x10003954       0x6c CMakeFiles/UOSM_Telemetry_Pico.dir/Users/jeremy/Projects/Supermileage/pico-sdk/src/rp2_common/pico_double/double_aeabi.S.obj
                0x10003954                __wrap___aeabi_cdrcmple
                0x10003964                __wrap___aeabi_cdcmple
                0x10003964                __wrap___aeabi_cdcmpeq
 .text.__wrap___aeabi_dcmplt
                0x100039c0        0xc CMakeFiles/UOSM_Telemetry_Pico.dir/Users/jeremy/Projects/Supermileage/pico-sdk/src/rp2_common/pico_double/double_aeabi.S.obj
                0x100039c0                __wrap___aeabi_dcmplt
 .text.__wrap___aeabi_dcmple
                0x100039cc       0x10 CMakeFiles/UOSM_Telemetry_Pico.dir/Users/jeremy/Projects/Supermileage/pico-sdk/src/rp2_common/pico_double/double_aeabi.S.obj
                0x100039cc                __wrap___aeabi_dcmple
 .text.__wrap___aeabi_dcmpge
                0x100039dc       0x10 CMakeFiles/UOSM_Telemetry_Pico.dir/Users/jeremy/Projects/Supermileage/pico-sdk/src/rp2_common/pico_double/double_aeabi.S.obj
                0x100039dc                __wrap___aeabi_dcmpge
 .text.__wrap___aeabi_dcmpgt
                0x100039ec        0xa CMakeFiles/UOSM_Telemetry_Pico.dir/Users/jeremy/Projects/Supermileage/pico-sdk/src/rp2_common/pico_double/double_aeabi.S.obj
                0x100039ec                __wrap___aeabi_dcmpgt
 .text.__wrap___aeabi_dcmpun
                0x100039f6       0x1c CMakeFiles/UOSM_Telemetry_Pico.dir/Users/jeremy/Projects/Supermileage/pico-sdk/src/rp2_common/pico_double/double_aeabi.S.obj
                0x100039f6                __wrap___aeabi_dcmpun
 *fill*         0x10003a12        0x2 
 .text.__wrap___aeabi_i2d
                0x10003a14       0x38 CMakeFiles/UOSM_Telemetry_Pico.dir/Users/jeremy/Projects/Supermileage/pico-sdk/src/rp2_common/pico_double/double_aeabi.S.obj
                0x10003a14                __wrap___aeabi_ui2d
                0x10003a1c                __wrap___aeabi_i2d
 .text.__wrap___aeabi_d2iz
                0x10003a4c       0x48 CMakeFiles/UOSM_Telemetry_Pico.dir/Users/jeremy/Projects/Supermileage/pico-sdk/src/rp2_common/pico_double/double_aeabi.S.obj
                0x10003a4c                __wrap___aeabi_d2iz
                0x10003a4c                double2int_z
 .text.__wrap___aeabi_d2uiz
                0x10003a94       0x18 CMakeFiles/UOSM_Telemetry_Pico.dir/Users/jeremy/Projects/Supermileage/pico-sdk/src/rp2_common/pico_double/double_aeabi.S.obj
                0x10003a94                double2uint
                0x10003a94                __wrap___aeabi_d2uiz
 .text.__aeabi_double_init
                0x10003aac       0xcc CMakeFiles/UOSM_Telemetry_Pico.dir/Users/jeremy/Projects/Supermileage/pico-sdk/src/rp2_common/pico_double/double_init_rom.c.obj
                0x10003aac                __aeabi_double_init
 .text.double_table_shim_on_use_helper
                0x10003b78       0x34 CMakeFiles/UOSM_Telemetry_Pico.dir/Users/jeremy/Projects/Supermileage/pico-sdk/src/rp2_common/pico_double/double_v1_rom_shim.S.obj
                0x10003b78                double_table_shim_on_use_helper
 .text.__wrap___aeabi_dsub
                0x10003bac       0x10 CMakeFiles/UOSM_Telemetry_Pico.dir/Users/jeremy/Projects/Supermileage/pico-sdk/src/rp2_common/pico_double/double_v1_rom_shim.S.obj
                0x10003bac                drsub_shim
                0x10003bb2                dsub_shim
 .text.dadd_shim
                0x10003bbc      0x15c CMakeFiles/UOSM_Telemetry_Pico.dir/Users/jeremy/Projects/Supermileage/pico-sdk/src/rp2_common/pico_double/double_v1_rom_shim.S.obj
                0x10003bbc                dadd_shim
 .text.dmul_shim
                0x10003d18      0x15c CMakeFiles/UOSM_Telemetry_Pico.dir/Users/jeremy/Projects/Supermileage/pico-sdk/src/rp2_common/pico_double/double_v1_rom_shim.S.obj
                0x10003d18                dmul_shim
 .text.ddiv_shim
                0x10003e74      0x1b0 CMakeFiles/UOSM_Telemetry_Pico.dir/Users/jeremy/Projects/Supermileage/pico-sdk/src/rp2_common/pico_double/double_v1_rom_shim.S.obj
                0x10003e74                ddiv_shim
 .text.double2uint_shim
                0x10004024        0xe CMakeFiles/UOSM_Telemetry_Pico.dir/Users/jeremy/Projects/Supermileage/pico-sdk/src/rp2_common/pico_double/double_v1_rom_shim.S.obj
                0x10004024                double2uint_shim
                0x10004026                double2ufix_shim
 *fill*         0x10004032        0x2 
 .text.double2uint64_shim
                0x10004034       0x70 CMakeFiles/UOSM_Telemetry_Pico.dir/Users/jeremy/Projects/Supermileage/pico-sdk/src/rp2_common/pico_double/double_v1_rom_shim.S.obj
                0x10004034                double2uint64_shim
                0x10004036                double2ufix64_shim
                0x10004056                d2fix_a
 .text.dunpacks
                0x100040a4       0x3c CMakeFiles/UOSM_Telemetry_Pico.dir/Users/jeremy/Projects/Supermileage/pico-sdk/src/rp2_common/pico_double/double_v1_rom_shim.S.obj
                0x100040a4                dunpacks
 .text.__aeabi_lmul
                0x100040e0       0x32 CMakeFiles/UOSM_Telemetry_Pico.dir/Users/jeremy/Projects/Supermileage/pico-sdk/src/rp2_common/pico_int64_ops/pico_int64_ops_aeabi.S.obj
                0x100040e0                __wrap___aeabi_lmul
 *fill*         0x10004112        0x2 
 .text.__aeabi_float_init
                0x10004114       0xfc CMakeFiles/UOSM_Telemetry_Pico.dir/Users/jeremy/Projects/Supermileage/pico-sdk/src/rp2_common/pico_float/float_init_rom.c.obj
                0x10004114                __aeabi_float_init
 .text.float_table_shim_on_use_helper
                0x10004210       0x34 CMakeFiles/UOSM_Telemetry_Pico.dir/Users/jeremy/Projects/Supermileage/pico-sdk/src/rp2_common/pico_float/float_v1_rom_shim.S.obj
                0x10004210                float_table_shim_on_use_helper
 .text          0x10004244       0x10 CMakeFiles/UOSM_Telemetry_Pico.dir/Users/jeremy/Projects/Supermileage/pico-sdk/src/rp2_common/pico_mem_ops/mem_ops_aeabi.S.obj
                0x10004244                __aeabi_mem_init
 .text.memset   0x10004254        0xc CMakeFiles/UOSM_Telemetry_Pico.dir/Users/jeremy/Projects/Supermileage/pico-sdk/src/rp2_common/pico_mem_ops/mem_ops_aeabi.S.obj
                0x10004254                __wrap_memset
 .text.memcpy   0x10004260        0xc CMakeFiles/UOSM_Telemetry_Pico.dir/Users/jeremy/Projects/Supermileage/pico-sdk/src/rp2_common/pico_mem_ops/mem_ops_aeabi.S.obj
                0x10004260                __wrap___aeabi_memcpy
                0x10004260                __wrap_memcpy
 .text.stdio_out_chars_no_crlf
                0x1000426c        0xe CMakeFiles/UOSM_Telemetry_Pico.dir/Users/jeremy/Projects/Supermileage/pico-sdk/src/rp2_common/pico_stdio/stdio.c.obj
 *fill*         0x1000427a        0x2 
 .text.stdio_out_chars_crlf
                0x1000427c       0x80 CMakeFiles/UOSM_Telemetry_Pico.dir/Users/jeremy/Projects/Supermileage/pico-sdk/src/rp2_common/pico_stdio/stdio.c.obj
 .text.stdio_stack_buffer_flush
                0x100042fc       0x44 CMakeFiles/UOSM_Telemetry_Pico.dir/Users/jeremy/Projects/Supermileage/pico-sdk/src/rp2_common/pico_stdio/stdio.c.obj
 .text.stdio_buffered_printer
                0x10004340       0x20 CMakeFiles/UOSM_Telemetry_Pico.dir/Users/jeremy/Projects/Supermileage/pico-sdk/src/rp2_common/pico_stdio/stdio.c.obj
 .text.update_us_since_boot
                0x10004360       0x24 CMakeFiles/UOSM_Telemetry_Pico.dir/Users/jeremy/Projects/Supermileage/pico-sdk/src/rp2_common/pico_stdio/stdio.c.obj
 .text.get_absolute_time
                0x10004384       0x22 CMakeFiles/UOSM_Telemetry_Pico.dir/Users/jeremy/Projects/Supermileage/pico-sdk/src/rp2_common/pico_stdio/stdio.c.obj
 *fill*         0x100043a6        0x2 
 .text.delayed_by_ms
                0x100043a8       0x44 CMakeFiles/UOSM_Telemetry_Pico.dir/Users/jeremy/Projects/Supermileage/pico-sdk/src/rp2_common/pico_stdio/stdio.c.obj
 .text.make_timeout_time_ms
                0x100043ec       0x20 CMakeFiles/UOSM_Telemetry_Pico.dir/Users/jeremy/Projects/Supermileage/pico-sdk/src/rp2_common/pico_stdio/stdio.c.obj
 .text.stdout_serialize_begin
                0x1000440c       0x20 CMakeFiles/UOSM_Telemetry_Pico.dir/Users/jeremy/Projects/Supermileage/pico-sdk/src/rp2_common/pico_stdio/stdio.c.obj
                0x1000440c                stdout_serialize_begin
 .text.stdout_serialize_end
                0x1000442c       0x10 CMakeFiles/UOSM_Telemetry_Pico.dir/Users/jeremy/Projects/Supermileage/pico-sdk/src/rp2_common/pico_stdio/stdio.c.obj
                0x1000442c                stdout_serialize_end
 .text.stdio_put_string
                0x1000443c       0x98 CMakeFiles/UOSM_Telemetry_Pico.dir/Users/jeremy/Projects/Supermileage/pico-sdk/src/rp2_common/pico_stdio/stdio.c.obj
 .text.stdio_set_driver_enabled
                0x100044d4       0x2c CMakeFiles/UOSM_Telemetry_Pico.dir/Users/jeremy/Projects/Supermileage/pico-sdk/src/rp2_common/pico_stdio/stdio.c.obj
                0x100044d4                stdio_set_driver_enabled
 .text.stdio_flush
                0x10004500       0x20 CMakeFiles/UOSM_Telemetry_Pico.dir/Users/jeremy/Projects/Supermileage/pico-sdk/src/rp2_common/pico_stdio/stdio.c.obj
                0x10004500                stdio_flush
 .text.__wrap_puts
                0x10004520       0x1e CMakeFiles/UOSM_Telemetry_Pico.dir/Users/jeremy/Projects/Supermileage/pico-sdk/src/rp2_common/pico_stdio/stdio.c.obj
                0x10004520                __wrap_puts
 *fill*         0x1000453e        0x2 
 .text.__wrap_vprintf
                0x10004540       0x40 CMakeFiles/UOSM_Telemetry_Pico.dir/Users/jeremy/Projects/Supermileage/pico-sdk/src/rp2_common/pico_stdio/stdio.c.obj
                0x10004540                __wrap_vprintf
 .text.__wrap_printf
                0x10004580       0x18 CMakeFiles/UOSM_Telemetry_Pico.dir/Users/jeremy/Projects/Supermileage/pico-sdk/src/rp2_common/pico_stdio/stdio.c.obj
                0x10004580                __wrap_printf
 .text.stdio_init_all
                0x10004598        0xe CMakeFiles/UOSM_Telemetry_Pico.dir/Users/jeremy/Projects/Supermileage/pico-sdk/src/rp2_common/pico_stdio/stdio.c.obj
                0x10004598                stdio_init_all
 *fill*         0x100045a6        0x2 
 .text.uart_putc
                0x100045a8       0x60 CMakeFiles/UOSM_Telemetry_Pico.dir/Users/jeremy/Projects/Supermileage/pico-sdk/src/rp2_common/pico_stdio_uart/stdio_uart.c.obj
 .text.uart_getc
                0x10004608       0x24 CMakeFiles/UOSM_Telemetry_Pico.dir/Users/jeremy/Projects/Supermileage/pico-sdk/src/rp2_common/pico_stdio_uart/stdio_uart.c.obj
 .text.stdio_uart_out_chars
                0x1000462c       0x20 CMakeFiles/UOSM_Telemetry_Pico.dir/Users/jeremy/Projects/Supermileage/pico-sdk/src/rp2_common/pico_stdio_uart/stdio_uart.c.obj
 .text.stdio_uart_in_chars
                0x1000464c       0x5c CMakeFiles/UOSM_Telemetry_Pico.dir/Users/jeremy/Projects/Supermileage/pico-sdk/src/rp2_common/pico_stdio_uart/stdio_uart.c.obj
                0x1000464c                stdio_uart_in_chars
 .text.on_uart_rx
                0x100046a8       0x28 CMakeFiles/UOSM_Telemetry_Pico.dir/Users/jeremy/Projects/Supermileage/pico-sdk/src/rp2_common/pico_stdio_uart/stdio_uart.c.obj
 .text.stdio_uart_set_chars_available_callback
                0x100046d0       0x8c CMakeFiles/UOSM_Telemetry_Pico.dir/Users/jeremy/Projects/Supermileage/pico-sdk/src/rp2_common/pico_stdio_uart/stdio_uart.c.obj
 .text.stdio_uart_init_full
                0x1000475c       0x44 CMakeFiles/UOSM_Telemetry_Pico.dir/Users/jeremy/Projects/Supermileage/pico-sdk/src/rp2_common/pico_stdio_uart/stdio_uart.c.obj
                0x1000475c                stdio_uart_init_full
 .text.stdio_uart_init
                0x100047a0       0x28 CMakeFiles/UOSM_Telemetry_Pico.dir/Users/jeremy/Projects/Supermileage/pico-sdk/src/rp2_common/pico_stdio_uart/stdio_uart.c.obj
                0x100047a0                stdio_uart_init
 .text.resetd_init
                0x100047c8        0x2 CMakeFiles/UOSM_Telemetry_Pico.dir/Users/jeremy/Projects/Supermileage/pico-sdk/src/rp2_common/pico_stdio_usb/reset_interface.c.obj
 *fill*         0x100047ca        0x2 
 .text.resetd_reset
                0x100047cc        0xc CMakeFiles/UOSM_Telemetry_Pico.dir/Users/jeremy/Projects/Supermileage/pico-sdk/src/rp2_common/pico_stdio_usb/reset_interface.c.obj
 .text.resetd_open
                0x100047d8       0x34 CMakeFiles/UOSM_Telemetry_Pico.dir/Users/jeremy/Projects/Supermileage/pico-sdk/src/rp2_common/pico_stdio_usb/reset_interface.c.obj
 .text.resetd_xfer_cb
                0x1000480c        0x4 CMakeFiles/UOSM_Telemetry_Pico.dir/Users/jeremy/Projects/Supermileage/pico-sdk/src/rp2_common/pico_stdio_usb/reset_interface.c.obj
 .text.reset_usb_boot
                0x10004810       0x18 CMakeFiles/UOSM_Telemetry_Pico.dir/Users/jeremy/Projects/Supermileage/pico-sdk/src/rp2_common/pico_stdio_usb/reset_interface.c.obj
 .text.resetd_control_xfer_cb
                0x10004828       0x5c CMakeFiles/UOSM_Telemetry_Pico.dir/Users/jeremy/Projects/Supermileage/pico-sdk/src/rp2_common/pico_stdio_usb/reset_interface.c.obj
 .text.usbd_app_driver_get_cb
                0x10004884        0xc CMakeFiles/UOSM_Telemetry_Pico.dir/Users/jeremy/Projects/Supermileage/pico-sdk/src/rp2_common/pico_stdio_usb/reset_interface.c.obj
                0x10004884                usbd_app_driver_get_cb
 .text.tud_cdc_line_coding_cb
                0x10004890       0x28 CMakeFiles/UOSM_Telemetry_Pico.dir/Users/jeremy/Projects/Supermileage/pico-sdk/src/rp2_common/pico_stdio_usb/reset_interface.c.obj
                0x10004890                tud_cdc_line_coding_cb
 .text.stdio_usb_set_chars_available_callback
                0x100048b8       0x14 CMakeFiles/UOSM_Telemetry_Pico.dir/Users/jeremy/Projects/Supermileage/pico-sdk/src/rp2_common/pico_stdio_usb/stdio_usb.c.obj
                0x100048b8                stdio_usb_set_chars_available_callback
 .text.update_us_since_boot
                0x100048cc       0x24 CMakeFiles/UOSM_Telemetry_Pico.dir/Users/jeremy/Projects/Supermileage/pico-sdk/src/rp2_common/pico_stdio_usb/stdio_usb.c.obj
 .text.get_absolute_time
                0x100048f0       0x22 CMakeFiles/UOSM_Telemetry_Pico.dir/Users/jeremy/Projects/Supermileage/pico-sdk/src/rp2_common/pico_stdio_usb/stdio_usb.c.obj
 *fill*         0x10004912        0x2 
 .text.delayed_by_ms
                0x10004914       0x44 CMakeFiles/UOSM_Telemetry_Pico.dir/Users/jeremy/Projects/Supermileage/pico-sdk/src/rp2_common/pico_stdio_usb/stdio_usb.c.obj
 .text.make_timeout_time_ms
                0x10004958       0x20 CMakeFiles/UOSM_Telemetry_Pico.dir/Users/jeremy/Projects/Supermileage/pico-sdk/src/rp2_common/pico_stdio_usb/stdio_usb.c.obj
 .text.delayed_by_us
                0x10004978       0x34 CMakeFiles/UOSM_Telemetry_Pico.dir/Users/jeremy/Projects/Supermileage/pico-sdk/src/rp2_common/pico_stdio_usb/stdio_usb.c.obj
 .text.usb_irq  0x100049ac       0x10 CMakeFiles/UOSM_Telemetry_Pico.dir/Users/jeremy/Projects/Supermileage/pico-sdk/src/rp2_common/pico_stdio_usb/stdio_usb.c.obj
 .text.critical_section_enter_blocking
                0x100049bc       0x16 CMakeFiles/UOSM_Telemetry_Pico.dir/Users/jeremy/Projects/Supermileage/pico-sdk/src/rp2_common/pico_stdio_usb/stdio_usb.c.obj
 *fill*         0x100049d2        0x2 
 .text.timer_task
                0x100049d4       0x4c CMakeFiles/UOSM_Telemetry_Pico.dir/Users/jeremy/Projects/Supermileage/pico-sdk/src/rp2_common/pico_stdio_usb/stdio_usb.c.obj
 .text.alarm_pool_add_alarm_in_us
                0x10004a20       0x3a CMakeFiles/UOSM_Telemetry_Pico.dir/Users/jeremy/Projects/Supermileage/pico-sdk/src/rp2_common/pico_stdio_usb/stdio_usb.c.obj
 .text.add_alarm_in_us
                0x10004a5a       0x2e CMakeFiles/UOSM_Telemetry_Pico.dir/Users/jeremy/Projects/Supermileage/pico-sdk/src/rp2_common/pico_stdio_usb/stdio_usb.c.obj
 .text.low_priority_worker_irq
                0x10004a88       0x7c CMakeFiles/UOSM_Telemetry_Pico.dir/Users/jeremy/Projects/Supermileage/pico-sdk/src/rp2_common/pico_stdio_usb/stdio_usb.c.obj
 .text.tud_cdc_rx_cb
                0x10004b04       0x20 CMakeFiles/UOSM_Telemetry_Pico.dir/Users/jeremy/Projects/Supermileage/pico-sdk/src/rp2_common/pico_stdio_usb/stdio_usb.c.obj
                0x10004b04                tud_cdc_rx_cb
 .text.stdio_usb_init
                0x10004b24       0xd0 CMakeFiles/UOSM_Telemetry_Pico.dir/Users/jeremy/Projects/Supermileage/pico-sdk/src/rp2_common/pico_stdio_usb/stdio_usb.c.obj
                0x10004b24                stdio_usb_init
 .text.stdio_usb_connected
                0x10004bf4        0xa CMakeFiles/UOSM_Telemetry_Pico.dir/Users/jeremy/Projects/Supermileage/pico-sdk/src/rp2_common/pico_stdio_usb/stdio_usb.c.obj
                0x10004bf4                stdio_usb_connected
 *fill*         0x10004bfe        0x2 
 .text.stdio_usb_in_chars
                0x10004c00       0x88 CMakeFiles/UOSM_Telemetry_Pico.dir/Users/jeremy/Projects/Supermileage/pico-sdk/src/rp2_common/pico_stdio_usb/stdio_usb.c.obj
                0x10004c00                stdio_usb_in_chars
 .text.stdio_usb_out_chars
                0x10004c88       0xd8 CMakeFiles/UOSM_Telemetry_Pico.dir/Users/jeremy/Projects/Supermileage/pico-sdk/src/rp2_common/pico_stdio_usb/stdio_usb.c.obj
 .text.tud_descriptor_device_cb
                0x10004d60        0x8 CMakeFiles/UOSM_Telemetry_Pico.dir/Users/jeremy/Projects/Supermileage/pico-sdk/src/rp2_common/pico_stdio_usb/stdio_usb_descriptors.c.obj
                0x10004d60                tud_descriptor_device_cb
 .text.tud_descriptor_configuration_cb
                0x10004d68        0x8 CMakeFiles/UOSM_Telemetry_Pico.dir/Users/jeremy/Projects/Supermileage/pico-sdk/src/rp2_common/pico_stdio_usb/stdio_usb_descriptors.c.obj
                0x10004d68                tud_descriptor_configuration_cb
 .text.tud_descriptor_string_cb
                0x10004d70       0x6c CMakeFiles/UOSM_Telemetry_Pico.dir/Users/jeremy/Projects/Supermileage/pico-sdk/src/rp2_common/pico_stdio_usb/stdio_usb_descriptors.c.obj
                0x10004d70                tud_descriptor_string_cb
 .text._retrieve_unique_id_on_boot
                0x10004ddc       0x10 CMakeFiles/UOSM_Telemetry_Pico.dir/Users/jeremy/Projects/Supermileage/pico-sdk/src/rp2_common/pico_unique_id/unique_id.c.obj
 .text.pico_get_unique_board_id_string
                0x10004dec       0x5c CMakeFiles/UOSM_Telemetry_Pico.dir/Users/jeremy/Projects/Supermileage/pico-sdk/src/rp2_common/pico_unique_id/unique_id.c.obj
                0x10004dec                pico_get_unique_board_id_string
 .text.flash_get_unique_id
                0x10004e48       0x46 CMakeFiles/UOSM_Telemetry_Pico.dir/Users/jeremy/Projects/Supermileage/pico-sdk/src/rp2_common/hardware_flash/flash.c.obj
                0x10004e48                flash_get_unique_id
 *fill*         0x10004e8e        0x2 
 .text.hw_endpoint_get_by_addr
                0x10004e90       0x18 CMakeFiles/UOSM_Telemetry_Pico.dir/Users/jeremy/Projects/Supermileage/pico-sdk/lib/tinyusb/src/portable/raspberrypi/rp2040/dcd_rp2040.c.obj
 .text._hw_endpoint_alloc
                0x10004ea8       0x70 CMakeFiles/UOSM_Telemetry_Pico.dir/Users/jeremy/Projects/Supermileage/pico-sdk/lib/tinyusb/src/portable/raspberrypi/rp2040/dcd_rp2040.c.obj
 .text.hw_endpoint_init
                0x10004f18       0x88 CMakeFiles/UOSM_Telemetry_Pico.dir/Users/jeremy/Projects/Supermileage/pico-sdk/lib/tinyusb/src/portable/raspberrypi/rp2040/dcd_rp2040.c.obj
 .text.dcd_event_sof
                0x10004fa0       0x2c CMakeFiles/UOSM_Telemetry_Pico.dir/Users/jeremy/Projects/Supermileage/pico-sdk/lib/tinyusb/src/portable/raspberrypi/rp2040/dcd_rp2040.c.obj
 .text.hw_endpoint_xfer
                0x10004fcc       0x14 CMakeFiles/UOSM_Telemetry_Pico.dir/Users/jeremy/Projects/Supermileage/pico-sdk/lib/tinyusb/src/portable/raspberrypi/rp2040/dcd_rp2040.c.obj
 .text.dcd_int_enable
                0x10004fe0       0x2c CMakeFiles/UOSM_Telemetry_Pico.dir/Users/jeremy/Projects/Supermileage/pico-sdk/lib/tinyusb/src/portable/raspberrypi/rp2040/dcd_rp2040.c.obj
                0x10004fe0                dcd_int_enable
 .text.dcd_set_address
                0x1000500c       0x2c CMakeFiles/UOSM_Telemetry_Pico.dir/Users/jeremy/Projects/Supermileage/pico-sdk/lib/tinyusb/src/portable/raspberrypi/rp2040/dcd_rp2040.c.obj
                0x1000500c                dcd_set_address
 .text.dcd_connect
                0x10005038       0x10 CMakeFiles/UOSM_Telemetry_Pico.dir/Users/jeremy/Projects/Supermileage/pico-sdk/lib/tinyusb/src/portable/raspberrypi/rp2040/dcd_rp2040.c.obj
                0x10005038                dcd_connect
 .text.dcd_init
                0x10005048       0x80 CMakeFiles/UOSM_Telemetry_Pico.dir/Users/jeremy/Projects/Supermileage/pico-sdk/lib/tinyusb/src/portable/raspberrypi/rp2040/dcd_rp2040.c.obj
                0x10005048                dcd_init
 .text.dcd_edpt0_status_complete
                0x100050c8       0x1c CMakeFiles/UOSM_Telemetry_Pico.dir/Users/jeremy/Projects/Supermileage/pico-sdk/lib/tinyusb/src/portable/raspberrypi/rp2040/dcd_rp2040.c.obj
                0x100050c8                dcd_edpt0_status_complete
 .text.dcd_edpt_open
                0x100050e4       0x40 CMakeFiles/UOSM_Telemetry_Pico.dir/Users/jeremy/Projects/Supermileage/pico-sdk/lib/tinyusb/src/portable/raspberrypi/rp2040/dcd_rp2040.c.obj
                0x100050e4                dcd_edpt_open
 .text.dcd_edpt_close_all
                0x10005124        0x8 CMakeFiles/UOSM_Telemetry_Pico.dir/Users/jeremy/Projects/Supermileage/pico-sdk/lib/tinyusb/src/portable/raspberrypi/rp2040/dcd_rp2040.c.obj
                0x10005124                dcd_edpt_close_all
 .text.dcd_edpt_xfer
                0x1000512c       0x34 CMakeFiles/UOSM_Telemetry_Pico.dir/Users/jeremy/Projects/Supermileage/pico-sdk/lib/tinyusb/src/portable/raspberrypi/rp2040/dcd_rp2040.c.obj
                0x1000512c                dcd_edpt_xfer
 .text.dcd_edpt_stall
                0x10005160       0x2c CMakeFiles/UOSM_Telemetry_Pico.dir/Users/jeremy/Projects/Supermileage/pico-sdk/lib/tinyusb/src/portable/raspberrypi/rp2040/dcd_rp2040.c.obj
                0x10005160                dcd_edpt_stall
 .text.dcd_edpt_clear_stall
                0x1000518c       0x20 CMakeFiles/UOSM_Telemetry_Pico.dir/Users/jeremy/Projects/Supermileage/pico-sdk/lib/tinyusb/src/portable/raspberrypi/rp2040/dcd_rp2040.c.obj
                0x1000518c                dcd_edpt_clear_stall
 .text.rp2040_usb_init
                0x100051ac       0x4c CMakeFiles/UOSM_Telemetry_Pico.dir/Users/jeremy/Projects/Supermileage/pico-sdk/lib/tinyusb/src/portable/raspberrypi/rp2040/rp2040_usb.c.obj
                0x100051ac                rp2040_usb_init
 .text.hw_endpoint_xfer_start
                0x100051f8       0x50 CMakeFiles/UOSM_Telemetry_Pico.dir/Users/jeremy/Projects/Supermileage/pico-sdk/lib/tinyusb/src/portable/raspberrypi/rp2040/rp2040_usb.c.obj
                0x100051f8                hw_endpoint_xfer_start
 .text.configuration_reset
                0x10005248       0x84 CMakeFiles/UOSM_Telemetry_Pico.dir/Users/jeremy/Projects/Supermileage/pico-sdk/lib/tinyusb/src/device/usbd.c.obj
 .text.critical_section_enter_blocking
                0x100052cc       0x16 CMakeFiles/UOSM_Telemetry_Pico.dir/Users/jeremy/Projects/Supermileage/pico-sdk/lib/tinyusb/src/device/usbd.c.obj
 .text.usbd_reset
                0x100052e2        0xc CMakeFiles/UOSM_Telemetry_Pico.dir/Users/jeremy/Projects/Supermileage/pico-sdk/lib/tinyusb/src/device/usbd.c.obj
 .text.invoke_class_control
                0x100052ee       0x1a CMakeFiles/UOSM_Telemetry_Pico.dir/Users/jeremy/Projects/Supermileage/pico-sdk/lib/tinyusb/src/device/usbd.c.obj
 .text.process_set_config
                0x10005308      0x178 CMakeFiles/UOSM_Telemetry_Pico.dir/Users/jeremy/Projects/Supermileage/pico-sdk/lib/tinyusb/src/device/usbd.c.obj
 .text.process_get_descriptor
                0x10005480       0xdc CMakeFiles/UOSM_Telemetry_Pico.dir/Users/jeremy/Projects/Supermileage/pico-sdk/lib/tinyusb/src/device/usbd.c.obj
 .text.tud_mounted
                0x1000555c       0x10 CMakeFiles/UOSM_Telemetry_Pico.dir/Users/jeremy/Projects/Supermileage/pico-sdk/lib/tinyusb/src/device/usbd.c.obj
                0x1000555c                tud_mounted
 .text.tud_suspended
                0x1000556c       0x10 CMakeFiles/UOSM_Telemetry_Pico.dir/Users/jeremy/Projects/Supermileage/pico-sdk/lib/tinyusb/src/device/usbd.c.obj
                0x1000556c                tud_suspended
 .text.tud_inited
                0x1000557c       0x14 CMakeFiles/UOSM_Telemetry_Pico.dir/Users/jeremy/Projects/Supermileage/pico-sdk/lib/tinyusb/src/device/usbd.c.obj
                0x1000557c                tud_inited
 .text.tud_init
                0x10005590       0xcc CMakeFiles/UOSM_Telemetry_Pico.dir/Users/jeremy/Projects/Supermileage/pico-sdk/lib/tinyusb/src/device/usbd.c.obj
                0x10005590                tud_init
 .text.usbd_defer_func
                0x1000565c       0x2a CMakeFiles/UOSM_Telemetry_Pico.dir/Users/jeremy/Projects/Supermileage/pico-sdk/lib/tinyusb/src/device/usbd.c.obj
                0x1000565c                usbd_defer_func
 *fill*         0x10005686        0x2 
 .text.usbd_edpt_open
                0x10005688       0x34 CMakeFiles/UOSM_Telemetry_Pico.dir/Users/jeremy/Projects/Supermileage/pico-sdk/lib/tinyusb/src/device/usbd.c.obj
                0x10005688                usbd_edpt_open
 .text.usbd_open_edpt_pair
                0x100056bc       0x62 CMakeFiles/UOSM_Telemetry_Pico.dir/Users/jeremy/Projects/Supermileage/pico-sdk/lib/tinyusb/src/device/usbd.c.obj
                0x100056bc                usbd_open_edpt_pair
 *fill*         0x1000571e        0x2 
 .text.usbd_edpt_claim
                0x10005720       0x28 CMakeFiles/UOSM_Telemetry_Pico.dir/Users/jeremy/Projects/Supermileage/pico-sdk/lib/tinyusb/src/device/usbd.c.obj
                0x10005720                usbd_edpt_claim
 .text.usbd_edpt_release
                0x10005748       0x28 CMakeFiles/UOSM_Telemetry_Pico.dir/Users/jeremy/Projects/Supermileage/pico-sdk/lib/tinyusb/src/device/usbd.c.obj
                0x10005748                usbd_edpt_release
 .text.usbd_edpt_xfer
                0x10005770       0x78 CMakeFiles/UOSM_Telemetry_Pico.dir/Users/jeremy/Projects/Supermileage/pico-sdk/lib/tinyusb/src/device/usbd.c.obj
                0x10005770                usbd_edpt_xfer
 .text.usbd_edpt_stall
                0x100057e8       0x48 CMakeFiles/UOSM_Telemetry_Pico.dir/Users/jeremy/Projects/Supermileage/pico-sdk/lib/tinyusb/src/device/usbd.c.obj
                0x100057e8                usbd_edpt_stall
 .text.usbd_edpt_clear_stall
                0x10005830       0x48 CMakeFiles/UOSM_Telemetry_Pico.dir/Users/jeremy/Projects/Supermileage/pico-sdk/lib/tinyusb/src/device/usbd.c.obj
                0x10005830                usbd_edpt_clear_stall
 .text.usbd_edpt_stalled
                0x10005878       0x1c CMakeFiles/UOSM_Telemetry_Pico.dir/Users/jeremy/Projects/Supermileage/pico-sdk/lib/tinyusb/src/device/usbd.c.obj
                0x10005878                usbd_edpt_stalled
 .text.process_control_request
                0x10005894      0x374 CMakeFiles/UOSM_Telemetry_Pico.dir/Users/jeremy/Projects/Supermileage/pico-sdk/lib/tinyusb/src/device/usbd.c.obj
 .text.tud_task_ext
                0x10005c08      0x1a8 CMakeFiles/UOSM_Telemetry_Pico.dir/Users/jeremy/Projects/Supermileage/pico-sdk/lib/tinyusb/src/device/usbd.c.obj
                0x10005c08                tud_task_ext
 .text._status_stage_xact
                0x10005db0       0x1a CMakeFiles/UOSM_Telemetry_Pico.dir/Users/jeremy/Projects/Supermileage/pico-sdk/lib/tinyusb/src/device/usbd_control.c.obj
 *fill*         0x10005dca        0x2 
 .text._data_stage_xact
                0x10005dcc       0x58 CMakeFiles/UOSM_Telemetry_Pico.dir/Users/jeremy/Projects/Supermileage/pico-sdk/lib/tinyusb/src/device/usbd_control.c.obj
 .text.tud_control_status
                0x10005e24       0x28 CMakeFiles/UOSM_Telemetry_Pico.dir/Users/jeremy/Projects/Supermileage/pico-sdk/lib/tinyusb/src/device/usbd_control.c.obj
                0x10005e24                tud_control_status
 .text.tud_control_xfer
                0x10005e4c       0x68 CMakeFiles/UOSM_Telemetry_Pico.dir/Users/jeremy/Projects/Supermileage/pico-sdk/lib/tinyusb/src/device/usbd_control.c.obj
                0x10005e4c                tud_control_xfer
 .text.usbd_control_reset
                0x10005eb4       0x14 CMakeFiles/UOSM_Telemetry_Pico.dir/Users/jeremy/Projects/Supermileage/pico-sdk/lib/tinyusb/src/device/usbd_control.c.obj
                0x10005eb4                usbd_control_reset
 .text.usbd_control_set_complete_callback
                0x10005ec8        0xc CMakeFiles/UOSM_Telemetry_Pico.dir/Users/jeremy/Projects/Supermileage/pico-sdk/lib/tinyusb/src/device/usbd_control.c.obj
                0x10005ec8                usbd_control_set_complete_callback
 .text.usbd_control_set_request
                0x10005ed4       0x1c CMakeFiles/UOSM_Telemetry_Pico.dir/Users/jeremy/Projects/Supermileage/pico-sdk/lib/tinyusb/src/device/usbd_control.c.obj
                0x10005ed4                usbd_control_set_request
 .text.usbd_control_xfer_cb
                0x10005ef0       0xbc CMakeFiles/UOSM_Telemetry_Pico.dir/Users/jeremy/Projects/Supermileage/pico-sdk/lib/tinyusb/src/device/usbd_control.c.obj
                0x10005ef0                usbd_control_xfer_cb
 .text._prep_out_transaction
                0x10005fac       0x4a CMakeFiles/UOSM_Telemetry_Pico.dir/Users/jeremy/Projects/Supermileage/pico-sdk/lib/tinyusb/src/class/cdc/cdc_device.c.obj
 *fill*         0x10005ff6        0x2 
 .text.tud_cdc_n_connected
                0x10005ff8       0x38 CMakeFiles/UOSM_Telemetry_Pico.dir/Users/jeremy/Projects/Supermileage/pico-sdk/lib/tinyusb/src/class/cdc/cdc_device.c.obj
                0x10005ff8                tud_cdc_n_connected
 .text.tud_cdc_n_available
                0x10006030       0x18 CMakeFiles/UOSM_Telemetry_Pico.dir/Users/jeremy/Projects/Supermileage/pico-sdk/lib/tinyusb/src/class/cdc/cdc_device.c.obj
                0x10006030                tud_cdc_n_available
 .text.tud_cdc_n_read
                0x10006048       0x28 CMakeFiles/UOSM_Telemetry_Pico.dir/Users/jeremy/Projects/Supermileage/pico-sdk/lib/tinyusb/src/class/cdc/cdc_device.c.obj
                0x10006048                tud_cdc_n_read
 .text.tud_cdc_n_write_flush
                0x10006070       0xb8 CMakeFiles/UOSM_Telemetry_Pico.dir/Users/jeremy/Projects/Supermileage/pico-sdk/lib/tinyusb/src/class/cdc/cdc_device.c.obj
                0x10006070                tud_cdc_n_write_flush
 .text.tud_cdc_n_write
                0x10006128       0x38 CMakeFiles/UOSM_Telemetry_Pico.dir/Users/jeremy/Projects/Supermileage/pico-sdk/lib/tinyusb/src/class/cdc/cdc_device.c.obj
                0x10006128                tud_cdc_n_write
 .text.tud_cdc_n_write_available
                0x10006160       0x1c CMakeFiles/UOSM_Telemetry_Pico.dir/Users/jeremy/Projects/Supermileage/pico-sdk/lib/tinyusb/src/class/cdc/cdc_device.c.obj
                0x10006160                tud_cdc_n_write_available
 .text.cdcd_init
                0x1000617c       0xbc CMakeFiles/UOSM_Telemetry_Pico.dir/Users/jeremy/Projects/Supermileage/pico-sdk/lib/tinyusb/src/class/cdc/cdc_device.c.obj
                0x1000617c                cdcd_init
 .text.cdcd_reset
                0x10006238       0x44 CMakeFiles/UOSM_Telemetry_Pico.dir/Users/jeremy/Projects/Supermileage/pico-sdk/lib/tinyusb/src/class/cdc/cdc_device.c.obj
                0x10006238                cdcd_reset
 .text.cdcd_open
                0x1000627c       0xc4 CMakeFiles/UOSM_Telemetry_Pico.dir/Users/jeremy/Projects/Supermileage/pico-sdk/lib/tinyusb/src/class/cdc/cdc_device.c.obj
                0x1000627c                cdcd_open
 .text.cdcd_control_xfer_cb
                0x10006340      0x134 CMakeFiles/UOSM_Telemetry_Pico.dir/Users/jeremy/Projects/Supermileage/pico-sdk/lib/tinyusb/src/class/cdc/cdc_device.c.obj
                0x10006340                cdcd_control_xfer_cb
 .text.cdcd_xfer_cb
                0x10006474      0x130 CMakeFiles/UOSM_Telemetry_Pico.dir/Users/jeremy/Projects/Supermileage/pico-sdk/lib/tinyusb/src/class/cdc/cdc_device.c.obj
                0x10006474                cdcd_xfer_cb
 .text.tusb_init
                0x100065a4        0xa CMakeFiles/UOSM_Telemetry_Pico.dir/Users/jeremy/Projects/Supermileage/pico-sdk/lib/tinyusb/src/tusb.c.obj
                0x100065a4                tusb_init
 .text.tusb_inited
                0x100065ae        0xe CMakeFiles/UOSM_Telemetry_Pico.dir/Users/jeremy/Projects/Supermileage/pico-sdk/lib/tinyusb/src/tusb.c.obj
                0x100065ae                tusb_inited
 .text.tu_edpt_claim
                0x100065bc       0x50 CMakeFiles/UOSM_Telemetry_Pico.dir/Users/jeremy/Projects/Supermileage/pico-sdk/lib/tinyusb/src/tusb.c.obj
                0x100065bc                tu_edpt_claim
 .text.tu_edpt_release
                0x1000660c       0x38 CMakeFiles/UOSM_Telemetry_Pico.dir/Users/jeremy/Projects/Supermileage/pico-sdk/lib/tinyusb/src/tusb.c.obj
                0x1000660c                tu_edpt_release
 .text.tu_edpt_validate
                0x10006644       0x78 CMakeFiles/UOSM_Telemetry_Pico.dir/Users/jeremy/Projects/Supermileage/pico-sdk/lib/tinyusb/src/tusb.c.obj
                0x10006644                tu_edpt_validate
 .text.tu_edpt_bind_driver
                0x100066bc       0x26 CMakeFiles/UOSM_Telemetry_Pico.dir/Users/jeremy/Projects/Supermileage/pico-sdk/lib/tinyusb/src/tusb.c.obj
                0x100066bc                tu_edpt_bind_driver
 .text.advance_index
                0x100066e2       0x1a CMakeFiles/UOSM_Telemetry_Pico.dir/Users/jeremy/Projects/Supermileage/pico-sdk/lib/tinyusb/src/common/tusb_fifo.c.obj
 .text._tu_fifo_peek
                0x100066fc       0x56 CMakeFiles/UOSM_Telemetry_Pico.dir/Users/jeremy/Projects/Supermileage/pico-sdk/lib/tinyusb/src/common/tusb_fifo.c.obj
 .text._ff_pull_const_addr
                0x10006752       0x4c CMakeFiles/UOSM_Telemetry_Pico.dir/Users/jeremy/Projects/Supermileage/pico-sdk/lib/tinyusb/src/common/tusb_fifo.c.obj
 .text._ff_pull_n
                0x1000679e      0x110 CMakeFiles/UOSM_Telemetry_Pico.dir/Users/jeremy/Projects/Supermileage/pico-sdk/lib/tinyusb/src/common/tusb_fifo.c.obj
 .text._tu_fifo_peek_n
                0x100068ae       0x6a CMakeFiles/UOSM_Telemetry_Pico.dir/Users/jeremy/Projects/Supermileage/pico-sdk/lib/tinyusb/src/common/tusb_fifo.c.obj
 .text._tu_fifo_read_n
                0x10006918       0x4e CMakeFiles/UOSM_Telemetry_Pico.dir/Users/jeremy/Projects/Supermileage/pico-sdk/lib/tinyusb/src/common/tusb_fifo.c.obj
 .text._ff_push_const_addr
                0x10006966       0x40 CMakeFiles/UOSM_Telemetry_Pico.dir/Users/jeremy/Projects/Supermileage/pico-sdk/lib/tinyusb/src/common/tusb_fifo.c.obj
 .text._ff_push_n
                0x100069a6      0x10c CMakeFiles/UOSM_Telemetry_Pico.dir/Users/jeremy/Projects/Supermileage/pico-sdk/lib/tinyusb/src/common/tusb_fifo.c.obj
 .text._tu_fifo_write_n
                0x10006ab2       0xf0 CMakeFiles/UOSM_Telemetry_Pico.dir/Users/jeremy/Projects/Supermileage/pico-sdk/lib/tinyusb/src/common/tusb_fifo.c.obj
 .text.tu_fifo_config
                0x10006ba2       0x7c CMakeFiles/UOSM_Telemetry_Pico.dir/Users/jeremy/Projects/Supermileage/pico-sdk/lib/tinyusb/src/common/tusb_fifo.c.obj
                0x10006ba2                tu_fifo_config
 .text.tu_fifo_count
                0x10006c1e       0x2a CMakeFiles/UOSM_Telemetry_Pico.dir/Users/jeremy/Projects/Supermileage/pico-sdk/lib/tinyusb/src/common/tusb_fifo.c.obj
                0x10006c1e                tu_fifo_count
 .text.tu_fifo_empty
                0x10006c48        0xe CMakeFiles/UOSM_Telemetry_Pico.dir/Users/jeremy/Projects/Supermileage/pico-sdk/lib/tinyusb/src/common/tusb_fifo.c.obj
                0x10006c48                tu_fifo_empty
 .text.tu_fifo_full
                0x10006c56       0x28 CMakeFiles/UOSM_Telemetry_Pico.dir/Users/jeremy/Projects/Supermileage/pico-sdk/lib/tinyusb/src/common/tusb_fifo.c.obj
                0x10006c56                tu_fifo_full
 .text.tu_fifo_remaining
                0x10006c7e       0x2c CMakeFiles/UOSM_Telemetry_Pico.dir/Users/jeremy/Projects/Supermileage/pico-sdk/lib/tinyusb/src/common/tusb_fifo.c.obj
                0x10006c7e                tu_fifo_remaining
 .text.tu_fifo_read
                0x10006caa       0x42 CMakeFiles/UOSM_Telemetry_Pico.dir/Users/jeremy/Projects/Supermileage/pico-sdk/lib/tinyusb/src/common/tusb_fifo.c.obj
                0x10006caa                tu_fifo_read
 .text.tu_fifo_read_n
                0x10006cec        0xa CMakeFiles/UOSM_Telemetry_Pico.dir/Users/jeremy/Projects/Supermileage/pico-sdk/lib/tinyusb/src/common/tusb_fifo.c.obj
                0x10006cec                tu_fifo_read_n
 .text.tu_fifo_write
                0x10006cf6       0x64 CMakeFiles/UOSM_Telemetry_Pico.dir/Users/jeremy/Projects/Supermileage/pico-sdk/lib/tinyusb/src/common/tusb_fifo.c.obj
                0x10006cf6                tu_fifo_write
 .text.tu_fifo_write_n
                0x10006d5a        0xa CMakeFiles/UOSM_Telemetry_Pico.dir/Users/jeremy/Projects/Supermileage/pico-sdk/lib/tinyusb/src/common/tusb_fifo.c.obj
                0x10006d5a                tu_fifo_write_n
 .text.tu_fifo_clear
                0x10006d64       0x3e CMakeFiles/UOSM_Telemetry_Pico.dir/Users/jeremy/Projects/Supermileage/pico-sdk/lib/tinyusb/src/common/tusb_fifo.c.obj
                0x10006d64                tu_fifo_clear
 .text.tu_fifo_set_overwritable
                0x10006da2       0x46 CMakeFiles/UOSM_Telemetry_Pico.dir/Users/jeremy/Projects/Supermileage/pico-sdk/lib/tinyusb/src/common/tusb_fifo.c.obj
                0x10006da2                tu_fifo_set_overwritable
 .text.strlen   0x10006de8       0x5c /Applications/ArmGNUToolchain/12.3.rel1/arm-none-eabi/bin/../lib/gcc/arm-none-eabi/12.3.1/../../../../arm-none-eabi/lib/thumb/v6-m/nofp/libg.a(libc_a-strlen-stub.o)
                0x10006de8                strlen
 *(.fini)
 .fini          0x10006e44        0x4 /Applications/ArmGNUToolchain/12.3.rel1/arm-none-eabi/bin/../lib/gcc/arm-none-eabi/12.3.1/thumb/v6-m/nofp/crti.o
                0x10006e44                _fini
 .fini.__stub   0x10006e48       0xe0 linker stubs
 *crtbegin.o(.ctors)
 *crtbegin?.o(.ctors)
 *(EXCLUDE_FILE(*crtend.o *crtend?.o) .ctors)
 *(SORT_BY_NAME(.ctors.*))
 *(.ctors)
 *crtbegin.o(.dtors)
 *crtbegin?.o(.dtors)
 *(EXCLUDE_FILE(*crtend.o *crtend?.o) .dtors)
 *(SORT_BY_NAME(.dtors.*))
 *(.dtors)
 *(.eh_frame*)
 .eh_frame      0x10006f28        0x0 /Applications/ArmGNUToolchain/12.3.rel1/arm-none-eabi/bin/../lib/gcc/arm-none-eabi/12.3.1/thumb/v6-m/nofp/crtbegin.o
                0x10006f28                        . = ALIGN (0x4)

.glue_7         0x10006f28        0x0
 .glue_7        0x10006f28        0x0 linker stubs

.glue_7t        0x10006f28        0x0
 .glue_7t       0x10006f28        0x0 linker stubs

.vfp11_veneer   0x10006f28        0x0
 .vfp11_veneer  0x10006f28        0x0 linker stubs

.v4_bx          0x10006f28        0x0
 .v4_bx         0x10006f28        0x0 linker stubs

.iplt           0x10006f28        0x0
 .iplt          0x10006f28        0x0 /Applications/ArmGNUToolchain/12.3.rel1/arm-none-eabi/bin/../lib/gcc/arm-none-eabi/12.3.1/thumb/v6-m/nofp/crtbegin.o

.rodata         0x10006f28     0x1648
 *(EXCLUDE_FILE(*libm.a: *libc.a:*lib_a-mem*.o *libgcc.a:) .rodata*)
 .rodata.main.str1.4
                0x10006f28        0xe CMakeFiles/UOSM_Telemetry_Pico.dir/main.c.obj
 *fill*         0x10006f36        0x2 
 .rodata.spin_lock_claim_unused.str1.4
                0x10006f38       0x1b CMakeFiles/UOSM_Telemetry_Pico.dir/Users/jeremy/Projects/Supermileage/pico-sdk/src/rp2_common/hardware_sync/sync.c.obj
 *fill*         0x10006f53        0x1 
 .rodata.resolve_branch.str1.4
                0x10006f54       0x67 CMakeFiles/UOSM_Telemetry_Pico.dir/Users/jeremy/Projects/Supermileage/pico-sdk/src/rp2_common/hardware_irq/irq.c.obj
 *fill*         0x10006fbb        0x1 
 .rodata.make_branch.str1.4
                0x10006fbc       0x30 CMakeFiles/UOSM_Telemetry_Pico.dir/Users/jeremy/Projects/Supermileage/pico-sdk/src/rp2_common/hardware_irq/irq.c.obj
 .rodata.insert_branch_and_link.str1.4
                0x10006fec       0x10 CMakeFiles/UOSM_Telemetry_Pico.dir/Users/jeremy/Projects/Supermileage/pico-sdk/src/rp2_common/hardware_irq/irq.c.obj
 .rodata.irq_set_exclusive_handler.str1.4
                0x10006ffc       0x36 CMakeFiles/UOSM_Telemetry_Pico.dir/Users/jeremy/Projects/Supermileage/pico-sdk/src/rp2_common/hardware_irq/irq.c.obj
 *fill*         0x10007032        0x2 
 .rodata.irq_add_shared_handler.str1.4
                0x10007034       0xc2 CMakeFiles/UOSM_Telemetry_Pico.dir/Users/jeremy/Projects/Supermileage/pico-sdk/src/rp2_common/hardware_irq/irq.c.obj
 *fill*         0x100070f6        0x2 
 .rodata.irq_remove_handler.str1.4
                0x100070f8       0x3a CMakeFiles/UOSM_Telemetry_Pico.dir/Users/jeremy/Projects/Supermileage/pico-sdk/src/rp2_common/hardware_irq/irq.c.obj
 *fill*         0x10007132        0x2 
 .rodata.irq_add_tail_to_free_list.str1.4
                0x10007134       0x3a CMakeFiles/UOSM_Telemetry_Pico.dir/Users/jeremy/Projects/Supermileage/pico-sdk/src/rp2_common/hardware_irq/irq.c.obj
 *fill*         0x1000716e        0x2 
 .rodata.user_irq_claim_unused.str1.4
                0x10007170       0x1b CMakeFiles/UOSM_Telemetry_Pico.dir/Users/jeremy/Projects/Supermileage/pico-sdk/src/rp2_common/hardware_irq/irq.c.obj
 *fill*         0x1000718b        0x1 
 .rodata.__func__.0
                0x1000718c       0x1a CMakeFiles/UOSM_Telemetry_Pico.dir/Users/jeremy/Projects/Supermileage/pico-sdk/src/rp2_common/hardware_irq/irq.c.obj
 *fill*         0x100071a6        0x2 
 .rodata.__func__.1
                0x100071a8       0x17 CMakeFiles/UOSM_Telemetry_Pico.dir/Users/jeremy/Projects/Supermileage/pico-sdk/src/rp2_common/hardware_irq/irq.c.obj
 *fill*         0x100071bf        0x1 
 .rodata.__func__.2
                0x100071c0       0x13 CMakeFiles/UOSM_Telemetry_Pico.dir/Users/jeremy/Projects/Supermileage/pico-sdk/src/rp2_common/hardware_irq/irq.c.obj
 *fill*         0x100071d3        0x1 
 .rodata.__func__.3
                0x100071d4        0xc CMakeFiles/UOSM_Telemetry_Pico.dir/Users/jeremy/Projects/Supermileage/pico-sdk/src/rp2_common/hardware_irq/irq.c.obj
 .rodata.__func__.4
                0x100071e0        0xf CMakeFiles/UOSM_Telemetry_Pico.dir/Users/jeremy/Projects/Supermileage/pico-sdk/src/rp2_common/hardware_irq/irq.c.obj
 *fill*         0x100071ef        0x1 
 .rodata.__func__.5
                0x100071f0       0x17 CMakeFiles/UOSM_Telemetry_Pico.dir/Users/jeremy/Projects/Supermileage/pico-sdk/src/rp2_common/hardware_irq/irq.c.obj
 *fill*         0x10007207        0x1 
 .rodata.__func__.6
                0x10007208       0x1a CMakeFiles/UOSM_Telemetry_Pico.dir/Users/jeremy/Projects/Supermileage/pico-sdk/src/rp2_common/hardware_irq/irq.c.obj
 *fill*         0x10007222        0x2 
 .rodata.update_us_since_boot.str1.4
                0x10007224       0x73 CMakeFiles/UOSM_Telemetry_Pico.dir/Users/jeremy/Projects/Supermileage/pico-sdk/src/common/pico_sync/mutex.c.obj
 *fill*         0x10007297        0x1 
 .rodata.str1.4
                0x10007298       0x9d CMakeFiles/UOSM_Telemetry_Pico.dir/Users/jeremy/Projects/Supermileage/pico-sdk/src/common/pico_sync/mutex.c.obj
 *fill*         0x10007335        0x3 
 .rodata.__func__.1
                0x10007338        0xb CMakeFiles/UOSM_Telemetry_Pico.dir/Users/jeremy/Projects/Supermileage/pico-sdk/src/common/pico_sync/mutex.c.obj
 *fill*         0x10007343        0x1 
 .rodata.__func__.3
                0x10007344       0x18 CMakeFiles/UOSM_Telemetry_Pico.dir/Users/jeremy/Projects/Supermileage/pico-sdk/src/common/pico_sync/mutex.c.obj
 .rodata.__func__.4
                0x1000735c       0x15 CMakeFiles/UOSM_Telemetry_Pico.dir/Users/jeremy/Projects/Supermileage/pico-sdk/src/common/pico_sync/mutex.c.obj
 *fill*         0x10007371        0x3 
 .rodata.get_entry.str1.4
                0x10007374       0x6d CMakeFiles/UOSM_Telemetry_Pico.dir/Users/jeremy/Projects/Supermileage/pico-sdk/src/common/pico_time/time.c.obj
 .rodata.update_us_since_boot.str1.4
                0x100073e1       0x73 CMakeFiles/UOSM_Telemetry_Pico.dir/Users/jeremy/Projects/Supermileage/pico-sdk/src/common/pico_time/time.c.obj
 *fill*         0x100073e1        0x3 
 .rodata.ph_get_node.str1.4
                0x100073e4       0x78 CMakeFiles/UOSM_Telemetry_Pico.dir/Users/jeremy/Projects/Supermileage/pico-sdk/src/common/pico_time/time.c.obj
 .rodata.ph_add_child_node.str1.4
                0x1000745c       0x2e CMakeFiles/UOSM_Telemetry_Pico.dir/Users/jeremy/Projects/Supermileage/pico-sdk/src/common/pico_time/time.c.obj
 *fill*         0x1000748a        0x2 
 .rodata.ph_insert_node.str1.4
                0x1000748c        0x3 CMakeFiles/UOSM_Telemetry_Pico.dir/Users/jeremy/Projects/Supermileage/pico-sdk/src/common/pico_time/time.c.obj
 *fill*         0x1000748f        0x1 
 .rodata.ph_free_node.str1.4
                0x10007490       0x38 CMakeFiles/UOSM_Telemetry_Pico.dir/Users/jeremy/Projects/Supermileage/pico-sdk/src/common/pico_time/time.c.obj
 .rodata.add_alarm_under_lock.str1.4
                0x100074c8       0x28 CMakeFiles/UOSM_Telemetry_Pico.dir/Users/jeremy/Projects/Supermileage/pico-sdk/src/common/pico_time/time.c.obj
 .rodata.alarm_pool_alarm_callback.str1.4
                0x100074f0       0x60 CMakeFiles/UOSM_Telemetry_Pico.dir/Users/jeremy/Projects/Supermileage/pico-sdk/src/common/pico_time/time.c.obj
 .rodata.alarm_pool_get_default.str1.4
                0x10007550       0x21 CMakeFiles/UOSM_Telemetry_Pico.dir/Users/jeremy/Projects/Supermileage/pico-sdk/src/common/pico_time/time.c.obj
 *fill*         0x10007571        0x3 
 .rodata.alarm_pool_cancel_alarm.str1.4
                0x10007574       0x27 CMakeFiles/UOSM_Telemetry_Pico.dir/Users/jeremy/Projects/Supermileage/pico-sdk/src/common/pico_time/time.c.obj
 *fill*         0x1000759b        0x1 
 .rodata.__func__.1
                0x1000759c       0x18 CMakeFiles/UOSM_Telemetry_Pico.dir/Users/jeremy/Projects/Supermileage/pico-sdk/src/common/pico_time/time.c.obj
 .rodata.__func__.3
                0x100075b4       0x17 CMakeFiles/UOSM_Telemetry_Pico.dir/Users/jeremy/Projects/Supermileage/pico-sdk/src/common/pico_time/time.c.obj
 *fill*         0x100075cb        0x1 
 .rodata.__func__.4
                0x100075cc       0x12 CMakeFiles/UOSM_Telemetry_Pico.dir/Users/jeremy/Projects/Supermileage/pico-sdk/src/common/pico_time/time.c.obj
 *fill*         0x100075de        0x2 
 .rodata.__func__.5
                0x100075e0        0xd CMakeFiles/UOSM_Telemetry_Pico.dir/Users/jeremy/Projects/Supermileage/pico-sdk/src/common/pico_time/time.c.obj
 *fill*         0x100075ed        0x3 
 .rodata.__func__.6
                0x100075f0       0x12 CMakeFiles/UOSM_Telemetry_Pico.dir/Users/jeremy/Projects/Supermileage/pico-sdk/src/common/pico_time/time.c.obj
 *fill*         0x10007602        0x2 
 .rodata.__func__.7
                0x10007604        0xf CMakeFiles/UOSM_Telemetry_Pico.dir/Users/jeremy/Projects/Supermileage/pico-sdk/src/common/pico_time/time.c.obj
 *fill*         0x10007613        0x1 
 .rodata.__func__.8
                0x10007614        0xc CMakeFiles/UOSM_Telemetry_Pico.dir/Users/jeremy/Projects/Supermileage/pico-sdk/src/common/pico_time/time.c.obj
 .rodata.__func__.9
                0x10007620       0x15 CMakeFiles/UOSM_Telemetry_Pico.dir/Users/jeremy/Projects/Supermileage/pico-sdk/src/common/pico_time/time.c.obj
 *fill*         0x10007635        0x3 
 .rodata.__func__.10
                0x10007638       0x15 CMakeFiles/UOSM_Telemetry_Pico.dir/Users/jeremy/Projects/Supermileage/pico-sdk/src/common/pico_time/time.c.obj
 *fill*         0x1000764d        0x3 
 .rodata.__func__.11
                0x10007650       0x1a CMakeFiles/UOSM_Telemetry_Pico.dir/Users/jeremy/Projects/Supermileage/pico-sdk/src/common/pico_time/time.c.obj
 *fill*         0x1000766a        0x2 
 .rodata.__func__.12
                0x1000766c        0xa CMakeFiles/UOSM_Telemetry_Pico.dir/Users/jeremy/Projects/Supermileage/pico-sdk/src/common/pico_time/time.c.obj
 .rodata.update_us_since_boot.str1.4
                0x10007676       0x73 CMakeFiles/UOSM_Telemetry_Pico.dir/Users/jeremy/Projects/Supermileage/pico-sdk/src/rp2_common/hardware_timer/timer.c.obj
 *fill*         0x10007676        0x2 
 .rodata.hardware_alarm_claim.str1.4
                0x10007678       0x22 CMakeFiles/UOSM_Telemetry_Pico.dir/Users/jeremy/Projects/Supermileage/pico-sdk/src/rp2_common/hardware_timer/timer.c.obj
 *fill*         0x1000769a        0x2 
 .rodata.hardware_alarm_set_target.str1.4
                0x1000769c       0x77 CMakeFiles/UOSM_Telemetry_Pico.dir/Users/jeremy/Projects/Supermileage/pico-sdk/src/rp2_common/hardware_timer/timer.c.obj
 *fill*         0x10007713        0x1 
 .rodata.__func__.0
                0x10007714       0x1a CMakeFiles/UOSM_Telemetry_Pico.dir/Users/jeremy/Projects/Supermileage/pico-sdk/src/rp2_common/hardware_timer/timer.c.obj
 *fill*         0x1000772e        0x2 
 .rodata.__func__.1
                0x10007730       0x15 CMakeFiles/UOSM_Telemetry_Pico.dir/Users/jeremy/Projects/Supermileage/pico-sdk/src/rp2_common/hardware_timer/timer.c.obj
 .rodata.ph_get_node.str1.4
                0x10007745       0x78 CMakeFiles/UOSM_Telemetry_Pico.dir/Users/jeremy/Projects/Supermileage/pico-sdk/src/common/pico_util/pheap.c.obj
 .rodata.ph_add_child_node.str1.4
                0x10007745       0x2e CMakeFiles/UOSM_Telemetry_Pico.dir/Users/jeremy/Projects/Supermileage/pico-sdk/src/common/pico_util/pheap.c.obj
 *fill*         0x10007745        0x3 
 .rodata.ph_remove_any_head.str1.4
                0x10007748       0xa0 CMakeFiles/UOSM_Telemetry_Pico.dir/Users/jeremy/Projects/Supermileage/pico-sdk/src/common/pico_util/pheap.c.obj
                                 0xb4 (size before relaxing)
 .rodata.ph_remove_and_free_node.str1.4
                0x100077e8       0x1e CMakeFiles/UOSM_Telemetry_Pico.dir/Users/jeremy/Projects/Supermileage/pico-sdk/src/common/pico_util/pheap.c.obj
                                 0x26 (size before relaxing)
 *fill*         0x10007806        0x2 
 .rodata.__func__.0
                0x10007808       0x18 CMakeFiles/UOSM_Telemetry_Pico.dir/Users/jeremy/Projects/Supermileage/pico-sdk/src/common/pico_util/pheap.c.obj
 .rodata.__func__.1
                0x10007820       0x13 CMakeFiles/UOSM_Telemetry_Pico.dir/Users/jeremy/Projects/Supermileage/pico-sdk/src/common/pico_util/pheap.c.obj
 *fill*         0x10007833        0x1 
 .rodata.__func__.2
                0x10007834       0x12 CMakeFiles/UOSM_Telemetry_Pico.dir/Users/jeremy/Projects/Supermileage/pico-sdk/src/common/pico_util/pheap.c.obj
 *fill*         0x10007846        0x2 
 .rodata.__func__.3
                0x10007848        0xc CMakeFiles/UOSM_Telemetry_Pico.dir/Users/jeremy/Projects/Supermileage/pico-sdk/src/common/pico_util/pheap.c.obj
 .rodata.clock_configure.str1.4
                0x10007854       0x69 CMakeFiles/UOSM_Telemetry_Pico.dir/Users/jeremy/Projects/Supermileage/pico-sdk/src/rp2_common/hardware_clocks/clocks.c.obj
 *fill*         0x100078bd        0x3 
 .rodata.__func__.1
                0x100078c0       0x10 CMakeFiles/UOSM_Telemetry_Pico.dir/Users/jeremy/Projects/Supermileage/pico-sdk/src/rp2_common/hardware_clocks/clocks.c.obj
 .rodata.pll_init.str1.4
                0x100078d0      0x134 CMakeFiles/UOSM_Telemetry_Pico.dir/Users/jeremy/Projects/Supermileage/pico-sdk/src/rp2_common/hardware_pll/pll.c.obj
 .rodata.__func__.0
                0x10007a04        0x9 CMakeFiles/UOSM_Telemetry_Pico.dir/Users/jeremy/Projects/Supermileage/pico-sdk/src/rp2_common/hardware_pll/pll.c.obj
 *fill*         0x10007a0d        0x3 
 .rodata.__assert_func.str1.4
                0x10007a10       0x3f CMakeFiles/UOSM_Telemetry_Pico.dir/Users/jeremy/Projects/Supermileage/pico-sdk/src/rp2_common/pico_runtime/runtime.c.obj
                                 0x43 (size before relaxing)
 *fill*         0x10007a4f        0x1 
 .rodata.runtime_init.str1.4
                0x10007a50       0x73 CMakeFiles/UOSM_Telemetry_Pico.dir/Users/jeremy/Projects/Supermileage/pico-sdk/src/rp2_common/pico_runtime/runtime.c.obj
 *fill*         0x10007ac3        0x1 
 .rodata.panic.str1.4
                0x10007ac4       0x12 CMakeFiles/UOSM_Telemetry_Pico.dir/Users/jeremy/Projects/Supermileage/pico-sdk/src/rp2_common/pico_runtime/runtime.c.obj
 *fill*         0x10007ad6        0x2 
 .rodata.__func__.2
                0x10007ad8        0xd CMakeFiles/UOSM_Telemetry_Pico.dir/Users/jeremy/Projects/Supermileage/pico-sdk/src/rp2_common/pico_runtime/runtime.c.obj
 *fill*         0x10007ae5        0x3 
 .rodata._ftoa.str1.4
                0x10007ae8       0x15 CMakeFiles/UOSM_Telemetry_Pico.dir/Users/jeremy/Projects/Supermileage/pico-sdk/src/rp2_common/pico_printf/printf.c.obj
 *fill*         0x10007afd        0x3 
 .rodata._vsnprintf
                0x10007b00      0x19c CMakeFiles/UOSM_Telemetry_Pico.dir/Users/jeremy/Projects/Supermileage/pico-sdk/src/rp2_common/pico_printf/printf.c.obj
 *fill*         0x10007c9c        0x4 
 .rodata.pow10.0
                0x10007ca0       0x50 CMakeFiles/UOSM_Telemetry_Pico.dir/Users/jeremy/Projects/Supermileage/pico-sdk/src/rp2_common/pico_printf/printf.c.obj
 .rodata.__aeabi_double_init.str1.4
                0x10007cf0       0xae CMakeFiles/UOSM_Telemetry_Pico.dir/Users/jeremy/Projects/Supermileage/pico-sdk/src/rp2_common/pico_double/double_init_rom.c.obj
 *fill*         0x10007d9e        0x2 
 .rodata.__func__.0
                0x10007da0       0x14 CMakeFiles/UOSM_Telemetry_Pico.dir/Users/jeremy/Projects/Supermileage/pico-sdk/src/rp2_common/pico_double/double_init_rom.c.obj
 .rodata.__aeabi_float_init.str1.4
                0x10007db4       0x8c CMakeFiles/UOSM_Telemetry_Pico.dir/Users/jeremy/Projects/Supermileage/pico-sdk/src/rp2_common/pico_float/float_init_rom.c.obj
                                 0x90 (size before relaxing)
 .rodata.__func__.0
                0x10007e40       0x13 CMakeFiles/UOSM_Telemetry_Pico.dir/Users/jeremy/Projects/Supermileage/pico-sdk/src/rp2_common/pico_float/float_init_rom.c.obj
 *fill*         0x10007e53        0x1 
 .rodata.str1.4
                0x10007e54       0x48 CMakeFiles/UOSM_Telemetry_Pico.dir/Users/jeremy/Projects/Supermileage/pico-sdk/src/rp2_common/pico_standard_link/binary_info.c.obj
 .rodata.__bi_81
                0x10007e9c        0xc CMakeFiles/UOSM_Telemetry_Pico.dir/Users/jeremy/Projects/Supermileage/pico-sdk/src/rp2_common/pico_standard_link/binary_info.c.obj
 .rodata.__bi_75
                0x10007ea8        0xc CMakeFiles/UOSM_Telemetry_Pico.dir/Users/jeremy/Projects/Supermileage/pico-sdk/src/rp2_common/pico_standard_link/binary_info.c.obj
 .rodata.__bi_44
                0x10007eb4        0xc CMakeFiles/UOSM_Telemetry_Pico.dir/Users/jeremy/Projects/Supermileage/pico-sdk/src/rp2_common/pico_standard_link/binary_info.c.obj
 .rodata.update_us_since_boot.str1.4
                0x10007ec0       0x73 CMakeFiles/UOSM_Telemetry_Pico.dir/Users/jeremy/Projects/Supermileage/pico-sdk/src/rp2_common/pico_stdio/stdio.c.obj
 .rodata.crlf_str.2
                0x10007ec0        0x2 CMakeFiles/UOSM_Telemetry_Pico.dir/Users/jeremy/Projects/Supermileage/pico-sdk/src/rp2_common/pico_stdio/stdio.c.obj
 *fill*         0x10007ec2        0x2 
 .rodata.__func__.3
                0x10007ec4       0x15 CMakeFiles/UOSM_Telemetry_Pico.dir/Users/jeremy/Projects/Supermileage/pico-sdk/src/rp2_common/pico_stdio/stdio.c.obj
 *fill*         0x10007ed9        0x3 
 .rodata.str1.4
                0x10007edc       0x2c CMakeFiles/UOSM_Telemetry_Pico.dir/Users/jeremy/Projects/Supermileage/pico-sdk/src/rp2_common/pico_stdio_uart/stdio_uart.c.obj
 .rodata.__bi_33.4
                0x10007f08        0xc CMakeFiles/UOSM_Telemetry_Pico.dir/Users/jeremy/Projects/Supermileage/pico-sdk/src/rp2_common/pico_stdio_uart/stdio_uart.c.obj
 .rodata.__bi_34.5
                0x10007f14        0x8 CMakeFiles/UOSM_Telemetry_Pico.dir/Users/jeremy/Projects/Supermileage/pico-sdk/src/rp2_common/pico_stdio_uart/stdio_uart.c.obj
 .rodata._resetd_driver
                0x10007f1c       0x18 CMakeFiles/UOSM_Telemetry_Pico.dir/Users/jeremy/Projects/Supermileage/pico-sdk/src/rp2_common/pico_stdio_usb/reset_interface.c.obj
 .rodata.update_us_since_boot.str1.4
                0x10007f34       0x73 CMakeFiles/UOSM_Telemetry_Pico.dir/Users/jeremy/Projects/Supermileage/pico-sdk/src/rp2_common/pico_stdio_usb/stdio_usb.c.obj
 .rodata.stdio_usb_init.str1.4
                0x10007f34       0x57 CMakeFiles/UOSM_Telemetry_Pico.dir/Users/jeremy/Projects/Supermileage/pico-sdk/src/rp2_common/pico_stdio_usb/stdio_usb.c.obj
                                 0x5f (size before relaxing)
 *fill*         0x10007f8b        0x1 
 .rodata.str1.4
                0x10007f8c       0x13 CMakeFiles/UOSM_Telemetry_Pico.dir/Users/jeremy/Projects/Supermileage/pico-sdk/src/rp2_common/pico_stdio_usb/stdio_usb.c.obj
 *fill*         0x10007f9f        0x1 
 .rodata.__bi_182.0
                0x10007fa0        0xc CMakeFiles/UOSM_Telemetry_Pico.dir/Users/jeremy/Projects/Supermileage/pico-sdk/src/rp2_common/pico_stdio_usb/stdio_usb.c.obj
 .rodata.__func__.1
                0x10007fac        0xf CMakeFiles/UOSM_Telemetry_Pico.dir/Users/jeremy/Projects/Supermileage/pico-sdk/src/rp2_common/pico_stdio_usb/stdio_usb.c.obj
 *fill*         0x10007fbb        0x1 
 .rodata.__func__.3
                0x10007fbc       0x15 CMakeFiles/UOSM_Telemetry_Pico.dir/Users/jeremy/Projects/Supermileage/pico-sdk/src/rp2_common/pico_stdio_usb/stdio_usb.c.obj
 *fill*         0x10007fd1        0x3 
 .rodata.str1.4
                0x10007fd4       0x2a CMakeFiles/UOSM_Telemetry_Pico.dir/Users/jeremy/Projects/Supermileage/pico-sdk/src/rp2_common/pico_stdio_usb/stdio_usb_descriptors.c.obj
 *fill*         0x10007ffe        0x2 
 .rodata.usbd_desc_str
                0x10008000       0x18 CMakeFiles/UOSM_Telemetry_Pico.dir/Users/jeremy/Projects/Supermileage/pico-sdk/src/rp2_common/pico_stdio_usb/stdio_usb_descriptors.c.obj
 .rodata.usbd_desc_cfg
                0x10008018       0x54 CMakeFiles/UOSM_Telemetry_Pico.dir/Users/jeremy/Projects/Supermileage/pico-sdk/src/rp2_common/pico_stdio_usb/stdio_usb_descriptors.c.obj
 .rodata.usbd_desc_device
                0x1000806c       0x12 CMakeFiles/UOSM_Telemetry_Pico.dir/Users/jeremy/Projects/Supermileage/pico-sdk/src/rp2_common/pico_stdio_usb/stdio_usb_descriptors.c.obj
 *fill*         0x1000807e        0x2 
 .rodata.pico_get_unique_board_id_string.str1.4
                0x10008080       0x5f CMakeFiles/UOSM_Telemetry_Pico.dir/Users/jeremy/Projects/Supermileage/pico-sdk/src/rp2_common/pico_unique_id/unique_id.c.obj
 *fill*         0x100080df        0x1 
 .rodata.__func__.0
                0x100080e0       0x20 CMakeFiles/UOSM_Telemetry_Pico.dir/Users/jeremy/Projects/Supermileage/pico-sdk/src/rp2_common/pico_unique_id/unique_id.c.obj
 .rodata.str1.4
                0x10008100      0x16a CMakeFiles/UOSM_Telemetry_Pico.dir/Users/jeremy/Projects/Supermileage/pico-sdk/src/rp2_common/hardware_flash/flash.c.obj
 *fill*         0x1000826a        0x2 
 .rodata.__func__.0
                0x1000826c        0xd CMakeFiles/UOSM_Telemetry_Pico.dir/Users/jeremy/Projects/Supermileage/pico-sdk/src/rp2_common/hardware_flash/flash.c.obj
 *fill*         0x10008279        0x3 
 .rodata._hw_endpoint_alloc.str1.4
                0x1000827c       0xc9 CMakeFiles/UOSM_Telemetry_Pico.dir/Users/jeremy/Projects/Supermileage/pico-sdk/lib/tinyusb/src/portable/raspberrypi/rp2040/dcd_rp2040.c.obj
 *fill*         0x10008345        0x3 
 .rodata.str1.4
                0x10008348       0x14 CMakeFiles/UOSM_Telemetry_Pico.dir/Users/jeremy/Projects/Supermileage/pico-sdk/lib/tinyusb/src/portable/raspberrypi/rp2040/dcd_rp2040.c.obj
 .rodata.dcd_int_enable.str1.4
                0x1000835c        0xc CMakeFiles/UOSM_Telemetry_Pico.dir/Users/jeremy/Projects/Supermileage/pico-sdk/lib/tinyusb/src/portable/raspberrypi/rp2040/dcd_rp2040.c.obj
 .rodata.__func__.0
                0x10008368        0xe CMakeFiles/UOSM_Telemetry_Pico.dir/Users/jeremy/Projects/Supermileage/pico-sdk/lib/tinyusb/src/portable/raspberrypi/rp2040/dcd_rp2040.c.obj
 *fill*         0x10008376        0x2 
 .rodata.__func__.1
                0x10008378        0xe CMakeFiles/UOSM_Telemetry_Pico.dir/Users/jeremy/Projects/Supermileage/pico-sdk/lib/tinyusb/src/portable/raspberrypi/rp2040/dcd_rp2040.c.obj
 *fill*         0x10008386        0x2 
 .rodata.__func__.3
                0x10008388       0x10 CMakeFiles/UOSM_Telemetry_Pico.dir/Users/jeremy/Projects/Supermileage/pico-sdk/lib/tinyusb/src/portable/raspberrypi/rp2040/dcd_rp2040.c.obj
 .rodata.__func__.5
                0x10008398        0xf CMakeFiles/UOSM_Telemetry_Pico.dir/Users/jeremy/Projects/Supermileage/pico-sdk/lib/tinyusb/src/portable/raspberrypi/rp2040/dcd_rp2040.c.obj
 *fill*         0x100083a7        0x1 
 .rodata.__func__.6
                0x100083a8       0x13 CMakeFiles/UOSM_Telemetry_Pico.dir/Users/jeremy/Projects/Supermileage/pico-sdk/lib/tinyusb/src/portable/raspberrypi/rp2040/dcd_rp2040.c.obj
 *fill*         0x100083bb        0x1 
 .rodata.__func__.7
                0x100083bc        0x9 CMakeFiles/UOSM_Telemetry_Pico.dir/Users/jeremy/Projects/Supermileage/pico-sdk/lib/tinyusb/src/portable/raspberrypi/rp2040/dcd_rp2040.c.obj
 *fill*         0x100083c5        0x3 
 .rodata.str1.4
                0x100083c8       0xf1 CMakeFiles/UOSM_Telemetry_Pico.dir/Users/jeremy/Projects/Supermileage/pico-sdk/lib/tinyusb/src/portable/raspberrypi/rp2040/rp2040_usb.c.obj
                                 0xfb (size before relaxing)
 *fill*         0x100084b9        0x3 
 .rodata.__func__.0
                0x100084bc        0xf CMakeFiles/UOSM_Telemetry_Pico.dir/Users/jeremy/Projects/Supermileage/pico-sdk/lib/tinyusb/src/portable/raspberrypi/rp2040/rp2040_usb.c.obj
 *fill*         0x100084cb        0x1 
 .rodata.process_get_descriptor